Archive member included to satisfy reference by file (symbol)

c:/program files (x86)/atmel/studio/7.0/toolchain/avr8/avr8-gnu-toolchain/bin/../lib/gcc/avr/5.4.0/../../../../avr/lib/avrxmega7\libm.a(addsf3.o)
                              src/devices/mpl3115a2.o (__subsf3)
c:/program files (x86)/atmel/studio/7.0/toolchain/avr8/avr8-gnu-toolchain/bin/../lib/gcc/avr/5.4.0/../../../../avr/lib/avrxmega7\libm.a(addsf3x.o)
                              c:/program files (x86)/atmel/studio/7.0/toolchain/avr8/avr8-gnu-toolchain/bin/../lib/gcc/avr/5.4.0/../../../../avr/lib/avrxmega7\libm.a(addsf3.o) (__addsf3x)
c:/program files (x86)/atmel/studio/7.0/toolchain/avr8/avr8-gnu-toolchain/bin/../lib/gcc/avr/5.4.0/../../../../avr/lib/avrxmega7\libm.a(asin.o)
                              src/devices/mpu9250.o (asin)
c:/program files (x86)/atmel/studio/7.0/toolchain/avr8/avr8-gnu-toolchain/bin/../lib/gcc/avr/5.4.0/../../../../avr/lib/avrxmega7\libm.a(atan2.o)
                              src/devices/mpu9250.o (atan2)
c:/program files (x86)/atmel/studio/7.0/toolchain/avr8/avr8-gnu-toolchain/bin/../lib/gcc/avr/5.4.0/../../../../avr/lib/avrxmega7\libm.a(atan.o)
                              c:/program files (x86)/atmel/studio/7.0/toolchain/avr8/avr8-gnu-toolchain/bin/../lib/gcc/avr/5.4.0/../../../../avr/lib/avrxmega7\libm.a(atan2.o) (atan)
c:/program files (x86)/atmel/studio/7.0/toolchain/avr8/avr8-gnu-toolchain/bin/../lib/gcc/avr/5.4.0/../../../../avr/lib/avrxmega7\libm.a(cmpsf2.o)
                              src/devices/mpl3115a2.o (__eqsf2)
c:/program files (x86)/atmel/studio/7.0/toolchain/avr8/avr8-gnu-toolchain/bin/../lib/gcc/avr/5.4.0/../../../../avr/lib/avrxmega7\libm.a(divsf3.o)
                              src/devices/mpl3115a2.o (__divsf3)
c:/program files (x86)/atmel/studio/7.0/toolchain/avr8/avr8-gnu-toolchain/bin/../lib/gcc/avr/5.4.0/../../../../avr/lib/avrxmega7\libm.a(divsf3x.o)
                              c:/program files (x86)/atmel/studio/7.0/toolchain/avr8/avr8-gnu-toolchain/bin/../lib/gcc/avr/5.4.0/../../../../avr/lib/avrxmega7\libm.a(divsf3.o) (__divsf3x)
c:/program files (x86)/atmel/studio/7.0/toolchain/avr8/avr8-gnu-toolchain/bin/../lib/gcc/avr/5.4.0/../../../../avr/lib/avrxmega7\libm.a(fixsfsi.o)
                              src/drivers/skywave_util.o (__fixsfsi)
c:/program files (x86)/atmel/studio/7.0/toolchain/avr8/avr8-gnu-toolchain/bin/../lib/gcc/avr/5.4.0/../../../../avr/lib/avrxmega7\libm.a(fixunssfsi.o)
                              src/devices/ntcle100.o (__fixunssfsi)
c:/program files (x86)/atmel/studio/7.0/toolchain/avr8/avr8-gnu-toolchain/bin/../lib/gcc/avr/5.4.0/../../../../avr/lib/avrxmega7\libm.a(floatsisf.o)
                              src/devices/mpl3115a2.o (__floatunsisf)
c:/program files (x86)/atmel/studio/7.0/toolchain/avr8/avr8-gnu-toolchain/bin/../lib/gcc/avr/5.4.0/../../../../avr/lib/avrxmega7\libm.a(fp_arccos.o)
                              c:/program files (x86)/atmel/studio/7.0/toolchain/avr8/avr8-gnu-toolchain/bin/../lib/gcc/avr/5.4.0/../../../../avr/lib/avrxmega7\libm.a(asin.o) (__fp_arccos)
c:/program files (x86)/atmel/studio/7.0/toolchain/avr8/avr8-gnu-toolchain/bin/../lib/gcc/avr/5.4.0/../../../../avr/lib/avrxmega7\libm.a(fp_cmp.o)
                              c:/program files (x86)/atmel/studio/7.0/toolchain/avr8/avr8-gnu-toolchain/bin/../lib/gcc/avr/5.4.0/../../../../avr/lib/avrxmega7\libm.a(cmpsf2.o) (__fp_cmp)
c:/program files (x86)/atmel/studio/7.0/toolchain/avr8/avr8-gnu-toolchain/bin/../lib/gcc/avr/5.4.0/../../../../avr/lib/avrxmega7\libm.a(fp_inf.o)
                              c:/program files (x86)/atmel/studio/7.0/toolchain/avr8/avr8-gnu-toolchain/bin/../lib/gcc/avr/5.4.0/../../../../avr/lib/avrxmega7\libm.a(addsf3x.o) (__fp_inf)
c:/program files (x86)/atmel/studio/7.0/toolchain/avr8/avr8-gnu-toolchain/bin/../lib/gcc/avr/5.4.0/../../../../avr/lib/avrxmega7\libm.a(fp_nan.o)
                              c:/program files (x86)/atmel/studio/7.0/toolchain/avr8/avr8-gnu-toolchain/bin/../lib/gcc/avr/5.4.0/../../../../avr/lib/avrxmega7\libm.a(addsf3x.o) (__fp_nan)
c:/program files (x86)/atmel/studio/7.0/toolchain/avr8/avr8-gnu-toolchain/bin/../lib/gcc/avr/5.4.0/../../../../avr/lib/avrxmega7\libm.a(fp_powser.o)
                              c:/program files (x86)/atmel/studio/7.0/toolchain/avr8/avr8-gnu-toolchain/bin/../lib/gcc/avr/5.4.0/../../../../avr/lib/avrxmega7\libm.a(atan.o) (__fp_powser)
c:/program files (x86)/atmel/studio/7.0/toolchain/avr8/avr8-gnu-toolchain/bin/../lib/gcc/avr/5.4.0/../../../../avr/lib/avrxmega7\libm.a(fp_powsodd.o)
                              c:/program files (x86)/atmel/studio/7.0/toolchain/avr8/avr8-gnu-toolchain/bin/../lib/gcc/avr/5.4.0/../../../../avr/lib/avrxmega7\libm.a(asin.o) (__fp_powsodd)
c:/program files (x86)/atmel/studio/7.0/toolchain/avr8/avr8-gnu-toolchain/bin/../lib/gcc/avr/5.4.0/../../../../avr/lib/avrxmega7\libm.a(fp_pscA.o)
[...]
Memory Configuration

Name             Origin             Length             Attributes
text             0x00000000         0x00100000         xr
data             0x00802000         0x0000ffa0         rw !x
eeprom           0x00810000         0x00010000         rw !x
fuse             0x00820000         0x00000006         rw !x
lock             0x00830000         0x00000400         rw !x
signature        0x00840000         0x00000400         rw !x
user_signatures  0x00850000         0x00000400         rw !x
*default*        0x00000000         0xffffffff

Linker script and memory map

LOAD C:/Program Files (x86)/Atmel/Studio/7.0/Packs/atmel/XMEGAA_DFP/1.1.68/gcc/dev/atxmega128a1u/avrxmega7/crtatxmega128a1u.o
LOAD src/ASF/common/services/clock/xmega/sysclk.o
LOAD src/ASF/common/services/serial/usart_serial.o
LOAD src/ASF/common/services/sleepmgr/xmega/sleepmgr.o
LOAD src/ASF/common/utils/stdio/read.o
LOAD src/ASF/common/utils/stdio/write.o
LOAD src/ASF/xmega/drivers/adc/adc.o
LOAD src/ASF/xmega/drivers/adc/xmega_aau/adc_aau.o
LOAD src/ASF/xmega/drivers/cpu/ccp.o
LOAD src/ASF/xmega/drivers/nvm/nvm.o
LOAD src/ASF/xmega/drivers/nvm/nvm_asm.o
LOAD src/ASF/xmega/drivers/tc/tc.o
LOAD src/ASF/xmega/drivers/twi/twim.o
LOAD src/ASF/xmega/drivers/twi/twis.o
LOAD src/ASF/xmega/drivers/usart/usart.o
LOAD src/ASF/xmega/drivers/wdt/wdt.o
LOAD src/ASF/xmega/services/pwm/pwm.o
LOAD src/devices/ds3231.o
LOAD src/devices/gps.o
LOAD src/devices/mpl3115a2.o
LOAD src/devices/mpu9250.o
LOAD src/devices/ntcle100.o
LOAD src/drivers/adc_util.o
LOAD src/drivers/MahonyAHRS.o
LOAD src/drivers/skywave_util.o
LOAD src/drivers/twi_comms.o
LOAD src/drivers/usart_comms.o
LOAD src/register_map.o
LOAD src/ASF/common/services/ioport/xmega/ioport_compat.o
LOAD src/ASF/xmega/boards/xmega_a1u_xplained_pro/board_init.o
LOAD src/skywave.o
START GROUP
LOAD c:/program files (x86)/atmel/studio/7.0/toolchain/avr8/avr8-gnu-toolchain/bin/../lib/gcc/avr/5.4.0/../../../../avr/lib/avrxmega7\libm.a
END GROUP
Address of section .BOOT set to 0x20000
LOAD c:/program files (x86)/atmel/studio/7.0/toolchain/avr8/avr8-gnu-toolchain/bin/../lib/gcc/avr/5.4.0/../../../../avr/lib/avrxmega7\libprintf_flt.a
START GROUP
LOAD c:/program files (x86)/atmel/studio/7.0/toolchain/avr8/avr8-gnu-toolchain/bin/../lib/gcc/avr/5.4.0/avrxmega7\libgcc.a
LOAD c:/program files (x86)/atmel/studio/7.0/toolchain/avr8/avr8-gnu-toolchain/bin/../lib/gcc/avr/5.4.0/../../../../avr/lib/avrxmega7\libm.a
LOAD c:/program files (x86)/atmel/studio/7.0/toolchain/avr8/avr8-gnu-toolchain/bin/../lib/gcc/avr/5.4.0/../../../../avr/lib/avrxmega7\libc.a
LOAD C:/Program Files (x86)/Atmel/Studio/7.0/Packs/atmel/XMEGAA_DFP/1.1.68/gcc/dev/atxmega128a1u/avrxmega7\libatxmega128a1u.a
END GROUP
                0x00100000                __TEXT_REGION_LENGTH__ = DEFINED (__TEXT_REGION_LENGTH__)?__TEXT_REGION_LENGTH__:0x100000
                0x0000ffa0                __DATA_REGION_LENGTH__ = DEFINED (__DATA_REGION_LENGTH__)?__DATA_REGION_LENGTH__:0xffa0
                0x00010000                __EEPROM_REGION_LENGTH__ = DEFINED (__EEPROM_REGION_LENGTH__)?__EEPROM_REGION_LENGTH__:0x10000
                [0x00000006]                __FUSE_REGION_LENGTH__ = DEFINED (__FUSE_REGION_LENGTH__)?__FUSE_REGION_LENGTH__:0x400
                0x00000400                __LOCK_REGION_LENGTH__ = DEFINED (__LOCK_REGION_LENGTH__)?__LOCK_REGION_LENGTH__:0x400
                0x00000400                __SIGNATURE_REGION_LENGTH__ = DEFINED (__SIGNATURE_REGION_LENGTH__)?__SIGNATURE_REGION_LENGTH__:0x400
                0x00000400                __USER_SIGNATURE_REGION_LENGTH__ = DEFINED (__USER_SIGNATURE_REGION_LENGTH__)?__USER_SIGNATURE_REGION_LENGTH__:0x400

.hash
 *(.hash)

.dynsym
 *(.dynsym)

.dynstr
 *(.dynstr)

.gnu.version
 *(.gnu.version)

.gnu.version_d
 *(.gnu.version_d)

.gnu.version_r
 *(.gnu.version_r)

.rel.init
 *(.rel.init)

.rela.init
 *(.rela.init)

.rel.text
 *(.rel.text)
 *(.rel.text.*)
 *(.rel.gnu.linkonce.t*)

.rela.text
 *(.rela.text)
 *(.rela.text.*)
 *(.rela.gnu.linkonce.t*)

.rel.fini
 *(.rel.fini)

.rela.fini
 *(.rela.fini)

.rel.rodata
 *(.rel.rodata)
 *(.rel.rodata.*)
 *(.rel.gnu.linkonce.r*)

.rela.rodata
 *(.rela.rodata)
 *(.rela.rodata.*)
 *(.rela.gnu.linkonce.r*)

.rel.data
 *(.rel.data)
 *(.rel.data.*)
 *(.rel.gnu.linkonce.d*)

.rela.data
 *(.rela.data)
 *(.rela.data.*)
 *(.rela.gnu.linkonce.d*)

.rel.ctors
 *(.rel.ctors)

.rela.ctors
 *(.rela.ctors)

.rel.dtors
 *(.rel.dtors)

.rela.dtors
 *(.rela.dtors)

.rel.got
 *(.rel.got)

.rela.got
 *(.rela.got)

.rel.bss
 *(.rel.bss)

.rela.bss
 *(.rela.bss)

.rel.plt
 *(.rel.plt)

.rela.plt
 *(.rela.plt)

.text           0x00000000     0x783e
 *(.vectors)
 .vectors       0x00000000      0x1fc C:/Program Files (x86)/Atmel/Studio/7.0/Packs/atmel/XMEGAA_DFP/1.1.68/gcc/dev/atxmega128a1u/avrxmega7/crtatxmega128a1u.o
                0x00000000                __vector_default
                0x00000000                __vectors
 *(.vectors)
 *(.progmem.gcc*)
 .progmem.gcc_sw_table.pwm_init
                0x000001fc       0x10 src/ASF/xmega/services/pwm/pwm.o
 .progmem.gcc_fplib
                0x0000020c       0x14 c:/program files (x86)/atmel/studio/7.0/toolchain/avr8/avr8-gnu-toolchain/bin/../lib/gcc/avr/5.4.0/../../../../avr/lib/avrxmega7\libm.a(asin.o)
 .progmem.gcc_fplib
                0x00000220       0x2d c:/program files (x86)/atmel/studio/7.0/toolchain/avr8/avr8-gnu-toolchain/bin/../lib/gcc/avr/5.4.0/../../../../avr/lib/avrxmega7\libm.a(atan.o)
 .progmem.gcc_fplib
                0x0000024d       0x28 c:/program files (x86)/atmel/studio/7.0/toolchain/avr8/avr8-gnu-toolchain/bin/../lib/gcc/avr/5.4.0/../../../../avr/lib/avrxmega7\libm.a(fp_arccos.o)
 .progmem.gcc_fplib
                0x00000275       0x5a c:/program files (x86)/atmel/studio/7.0/toolchain/avr8/avr8-gnu-toolchain/bin/../lib/gcc/avr/5.4.0/../../../../avr/lib/avrxmega7\libm.a(log.o)
 .progmem.gcc_fplib
                0x000002cf       0x28 c:/program files (x86)/atmel/studio/7.0/toolchain/avr8/avr8-gnu-toolchain/bin/../lib/gcc/avr/5.4.0/../../../../avr/lib/avrxmega7\libm.a(exp.o)
                0x000002f8                . = ALIGN (0x2)
 *fill*         0x000002f7        0x1 
                0x000002f8                __trampolines_start = .
 *(.trampolines)
 .trampolines   0x000002f8        0x0 linker stubs
 *(.trampolines*)
                0x000002f8                __trampolines_end = .
 *libprintf_flt.a:*(.progmem.data)
 .progmem.data  0x000002f8        0x8 c:/program files (x86)/atmel/studio/7.0/toolchain/avr8/avr8-gnu-toolchain/bin/../lib/gcc/avr/5.4.0/../../../../avr/lib/avrxmega7\libprintf_flt.a(vfprintf_flt.o)
 *libc.a:*(.progmem.data)
 .progmem.data  0x00000300       0xfa c:/program files (x86)/atmel/studio/7.0/toolchain/avr8/avr8-gnu-toolchain/bin/../lib/gcc/avr/5.4.0/../../../../avr/lib/avrxmega7\libc.a(ftoa_engine.o)
 *(.progmem*)
                0x000003fa                . = ALIGN (0x2)
 *(.jumptables)
 *(.jumptables*)
 *(.lowtext)
 *(.lowtext*)
                0x000003fa                __ctors_start = .
 *(.ctors)
                0x000003fa                __ctors_end = .
                0x000003fa                __dtors_start = .
 *(.dtors)
                0x000003fa                __dtors_end = .
 SORT(*)(.ctors)
 SORT(*)(.dtors)
 *(.init0)
 .init0         0x000003fa        0x0 C:/Program Files (x86)/Atmel/Studio/7.0/Packs/atmel/XMEGAA_DFP/1.1.68/gcc/dev/atxmega128a1u/avrxmega7/crtatxmega128a1u.o
                0x000003fa                __init
 *(.init0)
 *(.init1)
 *(.init1)
 *(.init2)
 .init2         0x000003fa       0x18 C:/Program Files (x86)/Atmel/Studio/7.0/Packs/atmel/XMEGAA_DFP/1.1.68/gcc/dev/atxmega128a1u/avrxmega7/crtatxmega128a1u.o
 *(.init2)
 *(.init3)
 *(.init3)
 *(.init4)
 .init4         0x00000412       0x1c c:/program files (x86)/atmel/studio/7.0/toolchain/avr8/avr8-gnu-toolchain/bin/../lib/gcc/avr/5.4.0/avrxmega7\libgcc.a(_copy_data.o)
                0x00000412                __do_copy_data
 .init4         0x0000042e       0x10 c:/program files (x86)/atmel/studio/7.0/toolchain/avr8/avr8-gnu-toolchain/bin/../lib/gcc/avr/5.4.0/avrxmega7\libgcc.a(_clear_bss.o)
                0x0000042e                __do_clear_bss
 *(.init4)
 *(.init5)
 *(.init5)
 *(.init6)
 *(.init6)
 *(.init7)
 *(.init7)
 *(.init8)
 *(.init8)
 *(.init9)
 .init9         0x0000043e        0x8 C:/Program Files (x86)/Atmel/Studio/7.0/Packs/atmel/XMEGAA_DFP/1.1.68/gcc/dev/atxmega128a1u/avrxmega7/crtatxmega128a1u.o
 *(.init9)
 *(.text)
 .text          0x00000446        0x2 C:/Program Files (x86)/Atmel/Studio/7.0/Packs/atmel/XMEGAA_DFP/1.1.68/gcc/dev/atxmega128a1u/avrxmega7/crtatxmega128a1u.o
                0x00000446                __vector_38
                0x00000446                __vector_104
                0x00000446                __vector_63
                0x00000446                __vector_67
                0x00000446                __vector_1
                0x00000446                __vector_119
                0x00000446                __vector_32
                0x00000446                __vector_75
                0x00000446                __vector_91
                0x00000446                __vector_34
                0x00000446                __vector_62
                0x00000446                __vector_102
                0x00000446                __vector_24
                0x00000446                __vector_12
                0x00000446                __vector_69
                0x00000446                __vector_90
                0x00000446                __bad_interrupt
                0x00000446                __vector_122
                0x00000446                __vector_6
                0x00000446                __vector_31
                0x00000446                __vector_92
                0x00000446                __vector_35
                0x00000446                __vector_3
                0x00000446                __vector_105
                0x00000446                __vector_98
                0x00000446                __vector_68
                0x00000446                __vector_30
                0x00000446                __vector_45
                0x00000446                __vector_93
                0x00000446                __vector_61
                0x00000446                __vector_11
                0x00000446                __vector_99
                0x00000446                __vector_7
                0x00000446                __vector_125
                0x00000446                __vector_123
                0x00000446                __vector_100
                0x00000446                __vector_101
                0x00000446                __vector_88
                0x00000446                __vector_43
                0x00000446                __vector_27
                0x00000446                __vector_5
                0x00000446                __vector_33
                0x00000446                __vector_37
                0x00000446                __vector_95
                0x00000446                __vector_103
                0x00000446                __vector_96
                0x00000446                __vector_89
                0x00000446                __vector_4
                0x00000446                __vector_44
                0x00000446                __vector_106
                0x00000446                __vector_118
                0x00000446                __vector_9
                0x00000446                __vector_2
                0x00000446                __vector_36
                0x00000446                __vector_58
                0x00000446                __vector_70
                0x00000446                __vector_29
                0x00000446                __vector_60
                0x00000446                __vector_121
                0x00000446                __vector_94
                0x00000446                __vector_126
                0x00000446                __vector_8
                0x00000446                __vector_26
                0x00000446                __vector_124
                0x00000446                __vector_57
                0x00000446                __vector_10
                0x00000446                __vector_59
                0x00000446                __vector_97
                0x00000446                __vector_87
                0x00000446                __vector_120
                0x00000448                . = ALIGN (0x2)
 *(.text.*)
 .text.sysclk_init
                0x00000448       0x6a src/ASF/common/services/clock/xmega/sysclk.o
                0x00000448                sysclk_init
 .text.sysclk_enable_module
                0x000004b2       0x2c src/ASF/common/services/clock/xmega/sysclk.o
                0x000004b2                sysclk_enable_module
 .text.__vector_71
                0x000004de       0x7a src/ASF/xmega/drivers/adc/xmega_aau/adc_aau.o
                0x000004de                __vector_71
 .text.__vector_72
                0x00000558       0x7a src/ASF/xmega/drivers/adc/xmega_aau/adc_aau.o
                0x00000558                __vector_72
 .text.__vector_73
                0x000005d2       0x7a src/ASF/xmega/drivers/adc/xmega_aau/adc_aau.o
                0x000005d2                __vector_73
 .text.__vector_74
                0x0000064c       0x7a src/ASF/xmega/drivers/adc/xmega_aau/adc_aau.o
                0x0000064c                __vector_74
 .text.__vector_39
                0x000006c6       0x7a src/ASF/xmega/drivers/adc/xmega_aau/adc_aau.o
                0x000006c6                __vector_39
 .text.__vector_40
                0x00000740       0x7a src/ASF/xmega/drivers/adc/xmega_aau/adc_aau.o
                0x00000740                __vector_40
 .text.__vector_41
                0x000007ba       0x7a src/ASF/xmega/drivers/adc/xmega_aau/adc_aau.o
                0x000007ba                __vector_41
 .text.__vector_42
                0x00000834       0x7a src/ASF/xmega/drivers/adc/xmega_aau/adc_aau.o
                0x00000834                __vector_42
 .text.ccp_write_io
                0x000008ae        0xc src/ASF/xmega/drivers/cpu/ccp.o
                0x000008ae                ccp_write_io
 .text.nvm_read_byte
                0x000008ba       0x14 src/ASF/xmega/drivers/nvm/nvm_asm.o
                0x000008ba                nvm_read_byte
 .text.__vector_14
                0x000008ce       0x70 src/ASF/xmega/drivers/tc/tc.o
                0x000008ce                __vector_14
 .text.__vector_15
                0x0000093e       0x70 src/ASF/xmega/drivers/tc/tc.o
                0x0000093e                __vector_15
 .text.__vector_17
                0x000009ae       0x70 src/ASF/xmega/drivers/tc/tc.o
                0x000009ae                __vector_17
 .text.__vector_18
                0x00000a1e       0x70 src/ASF/xmega/drivers/tc/tc.o
                0x00000a1e                __vector_18
 .text.__vector_19
                0x00000a8e       0x70 src/ASF/xmega/drivers/tc/tc.o
                0x00000a8e                __vector_19
 .text.__vector_20
                0x00000afe       0x70 src/ASF/xmega/drivers/tc/tc.o
                0x00000afe                __vector_20
 .text.__vector_21
                0x00000b6e       0x70 src/ASF/xmega/drivers/tc/tc.o
                0x00000b6e                __vector_21
 .text.__vector_22
                0x00000bde       0x70 src/ASF/xmega/drivers/tc/tc.o
                0x00000bde                __vector_22
 .text.__vector_23
                0x00000c4e       0x70 src/ASF/xmega/drivers/tc/tc.o
                0x00000c4e                __vector_23
 .text.__vector_77
                0x00000cbe       0x70 src/ASF/xmega/drivers/tc/tc.o
                0x00000cbe                __vector_77
 .text.__vector_78
                0x00000d2e       0x70 src/ASF/xmega/drivers/tc/tc.o
                0x00000d2e                __vector_78
 .text.__vector_79
                0x00000d9e       0x70 src/ASF/xmega/drivers/tc/tc.o
                0x00000d9e                __vector_79
 .text.__vector_80
                0x00000e0e       0x70 src/ASF/xmega/drivers/tc/tc.o
                0x00000e0e                __vector_80
 .text.__vector_81
                0x00000e7e       0x70 src/ASF/xmega/drivers/tc/tc.o
                0x00000e7e                __vector_81
 .text.__vector_82
                0x00000eee       0x70 src/ASF/xmega/drivers/tc/tc.o
                0x00000eee                __vector_82
 .text.__vector_83
                0x00000f5e       0x70 src/ASF/xmega/drivers/tc/tc.o
                0x00000f5e                __vector_83
 .text.__vector_84
                0x00000fce       0x70 src/ASF/xmega/drivers/tc/tc.o
                0x00000fce                __vector_84
 .text.__vector_85
                0x0000103e       0x70 src/ASF/xmega/drivers/tc/tc.o
                0x0000103e                __vector_85
 .text.__vector_86
                0x000010ae       0x70 src/ASF/xmega/drivers/tc/tc.o
                0x000010ae                __vector_86
 .text.__vector_47
                0x0000111e       0x70 src/ASF/xmega/drivers/tc/tc.o
                0x0000111e                __vector_47
 .text.__vector_48
                0x0000118e       0x70 src/ASF/xmega/drivers/tc/tc.o
                0x0000118e                __vector_48
 .text.__vector_49
                0x000011fe       0x70 src/ASF/xmega/drivers/tc/tc.o
                0x000011fe                __vector_49
 .text.__vector_50
                0x0000126e       0x70 src/ASF/xmega/drivers/tc/tc.o
                0x0000126e                __vector_50
 .text.__vector_51
                0x000012de       0x70 src/ASF/xmega/drivers/tc/tc.o
                0x000012de                __vector_51
 .text.__vector_52
                0x0000134e       0x70 src/ASF/xmega/drivers/tc/tc.o
                0x0000134e                __vector_52
 .text.__vector_53
                0x000013be       0x70 src/ASF/xmega/drivers/tc/tc.o
                0x000013be                __vector_53
 .text.__vector_54
                0x0000142e       0x70 src/ASF/xmega/drivers/tc/tc.o
                0x0000142e                __vector_54
 .text.__vector_55
                0x0000149e       0x70 src/ASF/xmega/drivers/tc/tc.o
                0x0000149e                __vector_55
 .text.__vector_56
                0x0000150e       0x70 src/ASF/xmega/drivers/tc/tc.o
                0x0000150e                __vector_56
 .text.__vector_108
                0x0000157e       0x70 src/ASF/xmega/drivers/tc/tc.o
                0x0000157e                __vector_108
 .text.__vector_109
                0x000015ee       0x70 src/ASF/xmega/drivers/tc/tc.o
                0x000015ee                __vector_109
 .text.__vector_110
                0x0000165e       0x70 src/ASF/xmega/drivers/tc/tc.o
                0x0000165e                __vector_110
 .text.__vector_111
                0x000016ce       0x70 src/ASF/xmega/drivers/tc/tc.o
                0x000016ce                __vector_111
 .text.__vector_112
                0x0000173e       0x70 src/ASF/xmega/drivers/tc/tc.o
                0x0000173e                __vector_112
 .text.__vector_113
                0x000017ae       0x70 src/ASF/xmega/drivers/tc/tc.o
                0x000017ae                __vector_113
 .text.__vector_114
                0x0000181e       0x70 src/ASF/xmega/drivers/tc/tc.o
                0x0000181e                __vector_114
 .text.__vector_115
                0x0000188e       0x70 src/ASF/xmega/drivers/tc/tc.o
                0x0000188e                __vector_115
 .text.__vector_116
                0x000018fe       0x70 src/ASF/xmega/drivers/tc/tc.o
                0x000018fe                __vector_116
 .text.__vector_117
                0x0000196e       0x70 src/ASF/xmega/drivers/tc/tc.o
                0x0000196e                __vector_117
 .text.tc_enable
                0x000019de      0x118 src/ASF/xmega/drivers/tc/tc.o
                0x000019de                tc_enable
 .text.tc_set_overflow_interrupt_callback
                0x00001af6       0x8e src/ASF/xmega/drivers/tc/tc.o
                0x00001af6                tc_set_overflow_interrupt_callback
 .text.twim_interrupt_handler
                0x00001b84      0x12e src/ASF/xmega/drivers/twi/twim.o
 .text.__vector_13
                0x00001cb2       0x64 src/ASF/xmega/drivers/twi/twim.o
                0x00001cb2                __vector_13
 .text.__vector_76
                0x00001d16       0x64 src/ASF/xmega/drivers/twi/twim.o
                0x00001d16                __vector_76
 .text.__vector_46
                0x00001d7a       0x64 src/ASF/xmega/drivers/twi/twim.o
                0x00001d7a                __vector_46
 .text.__vector_107
                0x00001dde       0x64 src/ASF/xmega/drivers/twi/twim.o
                0x00001dde                __vector_107
 .text.twi_master_init
                0x00001e42       0x2a src/ASF/xmega/drivers/twi/twim.o
                0x00001e42                twi_master_init
 .text.twi_master_transfer
                0x00001e6c       0xc8 src/ASF/xmega/drivers/twi/twim.o
                0x00001e6c                twi_master_transfer
 .text.usart_putchar
                0x00001f34       0x10 src/ASF/xmega/drivers/usart/usart.o
                0x00001f34                usart_putchar
 .text.usart_getchar
                0x00001f44        0xc src/ASF/xmega/drivers/usart/usart.o
                0x00001f44                usart_getchar
 .text.usart_set_baudrate
                0x00001f50      0x226 src/ASF/xmega/drivers/usart/usart.o
                0x00001f50                usart_set_baudrate
 .text.usart_init_rs232
                0x00002176      0x310 src/ASF/xmega/drivers/usart/usart.o
                0x00002176                usart_init_rs232
 .text.wdt_set_timeout_period
                0x00002486       0x28 src/ASF/xmega/drivers/wdt/wdt.o
                0x00002486                wdt_set_timeout_period
 .text.wdt_enable
                0x000024ae       0x1c src/ASF/xmega/drivers/wdt/wdt.o
                0x000024ae                wdt_enable
 .text.wdt_reset_mcu
                0x000024ca       0x2c src/ASF/xmega/drivers/wdt/wdt.o
                0x000024ca                wdt_reset_mcu
 .text.pwm_set_frequency
                0x000024f6       0xd8 src/ASF/xmega/services/pwm/pwm.o
                0x000024f6                pwm_set_frequency
 .text.pwm_init
                0x000025ce      0x1b4 src/ASF/xmega/services/pwm/pwm.o
                0x000025ce                pwm_init
 .text.pwm_start
                0x00002782       0xa4 src/ASF/xmega/services/pwm/pwm.o
                0x00002782                pwm_start
 .text.ds3231_clear_ready
                0x00002826        0x6 src/devices/ds3231.o
                0x00002826                ds3231_clear_ready
 .text.ds3231_set_time
                0x0000282c       0xc2 src/devices/ds3231.o
                0x0000282c                ds3231_set_time
 .text.ds3231_init
                0x000028ee       0x34 src/devices/ds3231.o
                0x000028ee                ds3231_init
 .text.ds3231_get_time
                0x00002922       0x74 src/devices/ds3231.o
                0x00002922                ds3231_get_time
 .text.ds3231_is_ready
                0x00002996        0x6 src/devices/ds3231.o
                0x00002996                ds3231_is_ready
 .text.__vector_65
                0x0000299c       0x28 src/devices/ds3231.o
                0x0000299c                __vector_65
 .text.gps_data_init
                0x000029c4       0x10 src/devices/gps.o
                0x000029c4                gps_data_init
 .text.gps_init
                0x000029d4      0x106 src/devices/gps.o
                0x000029d4                gps_init
 .text.__vector_28
                0x00002ada       0x6c src/devices/gps.o
                0x00002ada                __vector_28
 .text.__portable_avr_delay_cycles
                0x00002b46       0x16 src/devices/mpl3115a2.o
 .text.mpl3_init
                0x00002b5c       0x94 src/devices/mpl3115a2.o
                0x00002b5c                mpl3_init
 .text.get_mpl3_data
                0x00002bf0       0x5c src/devices/mpl3115a2.o
                0x00002bf0                get_mpl3_data
 .text.mpl3_get_data_status
                0x00002c4c        0x6 src/devices/mpl3115a2.o
                0x00002c4c                mpl3_get_data_status
 .text.mpl3_single_read
                0x00002c52       0x1c src/devices/mpl3115a2.o
                0x00002c52                mpl3_single_read
 .text.mpl3_setInitialAltitude
                0x00002c6e       0xa6 src/devices/mpl3115a2.o
                0x00002c6e                mpl3_setInitialAltitude
 .text.calc_mpl3_data
                0x00002d14      0x218 src/devices/mpl3115a2.o
                0x00002d14                calc_mpl3_data
 .text.__vector_64
                0x00002f2c       0x28 src/devices/mpl3115a2.o
                0x00002f2c                __vector_64
 .text.__portable_avr_delay_cycles
                0x00002f54       0x16 src/devices/mpu9250.o
 .text.set_mpu_data_status
                0x00002f6a        0x6 src/devices/mpu9250.o
                0x00002f6a                set_mpu_data_status
 .text.mpu_data_ready
                0x00002f70        0x6 src/devices/mpu9250.o
                0x00002f70                mpu_data_ready
 .text.mpu_set_sample_rate
                0x00002f76       0x1a src/devices/mpu9250.o
                0x00002f76                mpu_set_sample_rate
 .text.mpu_get_accel_data
                0x00002f90       0x3c src/devices/mpu9250.o
                0x00002f90                mpu_get_accel_data
 .text.mpu_get_rot_data
                0x00002fcc       0x3c src/devices/mpu9250.o
                0x00002fcc                mpu_get_rot_data
 .text.mpu_filter_data
                0x00003008      0x5a4 src/devices/mpu9250.o
                0x00003008                mpu_filter_data
 .text.mpu_read
                0x000035ac      0x29c src/devices/mpu9250.o
                0x000035ac                mpu_read
 .text.mpu_wai  0x00003848       0x3a src/devices/mpu9250.o
                0x00003848                mpu_wai
 .text.set_accel_resolution
                0x00003882       0x82 src/devices/mpu9250.o
                0x00003882                set_accel_resolution
 .text.set_gyro_resolution
                0x00003904       0x82 src/devices/mpu9250.o
                0x00003904                set_gyro_resolution
 .text.mpu_init
                0x00003986       0xcc src/devices/mpu9250.o
                0x00003986                mpu_init
 .text.__vector_66
                0x00003a52       0x28 src/devices/mpu9250.o
                0x00003a52                __vector_66
 .text.start_ntcle_read
                0x00003a7a        0xc src/devices/ntcle100.o
                0x00003a7a                start_ntcle_read
 .text.get_adc_reading
                0x00003a86       0x18 src/devices/ntcle100.o
                0x00003a86                get_adc_reading
 .text.calc_temp
                0x00003a9e       0xf2 src/devices/ntcle100.o
                0x00003a9e                calc_temp
 .text.reset_ntcle_data
                0x00003b90       0x12 src/devices/ntcle100.o
                0x00003b90                reset_ntcle_data
 .text.get_ntcle_data
                0x00003ba2       0x4c src/devices/ntcle100.o
                0x00003ba2                get_ntcle_data
 .text.get_oversampled_ntcle_temp
                0x00003bee       0xea src/devices/ntcle100.o
                0x00003bee                get_oversampled_ntcle_temp
 .text.get_ntcle_temp_now
                0x00003cd8       0x1c src/devices/ntcle100.o
                0x00003cd8                get_ntcle_temp_now
 .text.ntcle100_init
                0x00003cf4       0x54 src/devices/ntcle100.o
                0x00003cf4                ntcle100_init
 .text.adc_util_init
                0x00003d48       0x4a src/drivers/adc_util.o
                0x00003d48                adc_util_init
 .text.MahonyAHRSupdateIMU
                0x00003d92      0xab2 src/drivers/MahonyAHRS.o
                0x00003d92                MahonyAHRSupdateIMU
 .text.MahonyAHRSupdate
                0x00004844     0x1150 src/drivers/MahonyAHRS.o
                0x00004844                MahonyAHRSupdate
 .text.set_32hz_ready
                0x00005994        0x8 src/drivers/skywave_util.o
                0x00005994                set_32hz_ready
 .text.cb_append_float
                0x0000599c       0x54 src/drivers/skywave_util.o
                0x0000599c                cb_append_float
 .text.cb_getAvg_float
                0x000059f0      0x14a src/drivers/skywave_util.o
                0x000059f0                cb_getAvg_float
 .text.init_circ_buffer_float
                0x00005b3a        0xc src/drivers/skywave_util.o
                0x00005b3a                init_circ_buffer_float
 .text.cb_append_double
                0x00005b46       0x54 src/drivers/skywave_util.o
                0x00005b46                cb_append_double
 .text.cb_getAvg_double
                0x00005b9a      0x14a src/drivers/skywave_util.o
                0x00005b9a                cb_getAvg_double
 .text.init_circ_buffer_double
                0x00005ce4        0xc src/drivers/skywave_util.o
                0x00005ce4                init_circ_buffer_double
 .text.sw_32hz_timer_init
                0x00005cf0       0x3e src/drivers/skywave_util.o
                0x00005cf0                sw_32hz_timer_init
 .text.set_32hz_read
                0x00005d2e        0x8 src/drivers/skywave_util.o
                0x00005d2e                set_32hz_read
 .text.checK_32hz_ready
                0x00005d36        0x6 src/drivers/skywave_util.o
                0x00005d36                checK_32hz_ready
 .text.__vector_16
                0x00005d3c       0x88 src/drivers/skywave_util.o
                0x00005d3c                __vector_16
 .text.ascii_to_decimal_int
                0x00005dc4       0xda src/drivers/skywave_util.o
                0x00005dc4                ascii_to_decimal_int
 .text.twi_comms_init
                0x00005e9e       0x34 src/drivers/twi_comms.o
                0x00005e9e                twi_comms_init
 .text.twi_write
                0x00005ed2       0x22 src/drivers/twi_comms.o
                0x00005ed2                twi_write
 .text.twi_read
                0x00005ef4       0x52 src/drivers/twi_comms.o
                0x00005ef4                twi_read
 .text.sw_rs232_printf
                0x00005f46       0x6c src/drivers/usart_comms.o
 .text.usart_comms_init
                0x00005fb2       0x24 src/drivers/usart_comms.o
                0x00005fb2                usart_comms_init
 .text.__vector_25
                0x00005fd6       0x7a src/drivers/usart_comms.o
                0x00005fd6                __vector_25
 .text.ioport_configure_port_pin
                0x00006050       0x4e src/ASF/common/services/ioport/xmega/ioport_compat.o
                0x00006050                ioport_configure_port_pin
 .text.board_init
                0x0000609e       0x1a src/ASF/xmega/boards/xmega_a1u_xplained_pro/board_init.o
                0x0000609e                board_init
 .text.set_ntcle_off
                0x000060b8       0x30 src/skywave.o
                0x000060b8                set_ntcle_off
 .text.skywave_init
                0x000060e8       0xb4 src/skywave.o
                0x000060e8                skywave_init
 .text.main     0x0000619c      0x20a src/skywave.o
                0x0000619c                main
 .text.avr-libc.fplib
                0x000063a6        0xa c:/program files (x86)/atmel/studio/7.0/toolchain/avr8/avr8-gnu-toolchain/bin/../lib/gcc/avr/5.4.0/../../../../avr/lib/avrxmega7\libm.a(addsf3.o)
                0x000063a6                __subsf3
                0x000063a8                __addsf3
 .text.avr-libc.fplib
                0x000063b0       0xc0 c:/program files (x86)/atmel/studio/7.0/toolchain/avr8/avr8-gnu-toolchain/bin/../lib/gcc/avr/5.4.0/../../../../avr/lib/avrxmega7\libm.a(addsf3x.o)
                0x000063ca                __addsf3x
 .text.avr-libc.fplib
                0x00006470       0x2e c:/program files (x86)/atmel/studio/7.0/toolchain/avr8/avr8-gnu-toolchain/bin/../lib/gcc/avr/5.4.0/../../../../avr/lib/avrxmega7\libm.a(asin.o)
                0x00006470                asin
 .text.avr-libc.fplib
                0x0000649e       0x74 c:/program files (x86)/atmel/studio/7.0/toolchain/avr8/avr8-gnu-toolchain/bin/../lib/gcc/avr/5.4.0/../../../../avr/lib/avrxmega7\libm.a(atan2.o)
                0x000064bc                atan2
 .text.avr-libc.fplib
                0x00006512       0x50 c:/program files (x86)/atmel/studio/7.0/toolchain/avr8/avr8-gnu-toolchain/bin/../lib/gcc/avr/5.4.0/../../../../avr/lib/avrxmega7\libm.a(atan.o)
                0x00006512                atan
 .text.avr-libc.fplib
                0x00006562        0x8 c:/program files (x86)/atmel/studio/7.0/toolchain/avr8/avr8-gnu-toolchain/bin/../lib/gcc/avr/5.4.0/../../../../avr/lib/avrxmega7\libm.a(cmpsf2.o)
                0x00006562                __nesf2
                0x00006562                __eqsf2
                0x00006562                __cmpsf2
                0x00006562                __ltsf2
                0x00006562                __lesf2
 .text.avr-libc.fplib
                0x0000656a        0x4 c:/program files (x86)/atmel/studio/7.0/toolchain/avr8/avr8-gnu-toolchain/bin/../lib/gcc/avr/5.4.0/../../../../avr/lib/avrxmega7\libm.a(divsf3.o)
                0x0000656a                __divsf3
 .text.avr-libc.fplib
                0x0000656e       0xcc c:/program files (x86)/atmel/studio/7.0/toolchain/avr8/avr8-gnu-toolchain/bin/../lib/gcc/avr/5.4.0/../../../../avr/lib/avrxmega7\libm.a(divsf3x.o)
                0x00006584                __divsf3x
                0x00006588                __divsf3_pse
 .text.avr-libc.fplib
                0x0000663a        0xa c:/program files (x86)/atmel/studio/7.0/toolchain/avr8/avr8-gnu-toolchain/bin/../lib/gcc/avr/5.4.0/../../../../avr/lib/avrxmega7\libm.a(fixsfsi.o)
                0x0000663a                __fixsfsi
 .text.avr-libc.fplib
                0x00006644       0x58 c:/program files (x86)/atmel/studio/7.0/toolchain/avr8/avr8-gnu-toolchain/bin/../lib/gcc/avr/5.4.0/../../../../avr/lib/avrxmega7\libm.a(fixunssfsi.o)
                0x00006644                __fixunssfsi
 .text.avr-libc.fplib
                0x0000669c       0x7a c:/program files (x86)/atmel/studio/7.0/toolchain/avr8/avr8-gnu-toolchain/bin/../lib/gcc/avr/5.4.0/../../../../avr/lib/avrxmega7\libm.a(floatsisf.o)
                0x0000669c                __floatunsisf
                0x000066a0                __floatsisf
 .text.avr-libc.fplib
                0x00006716       0x36 c:/program files (x86)/atmel/studio/7.0/toolchain/avr8/avr8-gnu-toolchain/bin/../lib/gcc/avr/5.4.0/../../../../avr/lib/avrxmega7\libm.a(fp_arccos.o)
                0x00006716                __fp_arccos
 .text.avr-libc.fplib
                0x0000674c       0x48 c:/program files (x86)/atmel/studio/7.0/toolchain/avr8/avr8-gnu-toolchain/bin/../lib/gcc/avr/5.4.0/../../../../avr/lib/avrxmega7\libm.a(fp_cmp.o)
                0x0000674c                __fp_cmp
 .text.avr-libc.fplib
                0x00006794        0xc c:/program files (x86)/atmel/studio/7.0/toolchain/avr8/avr8-gnu-toolchain/bin/../lib/gcc/avr/5.4.0/../../../../avr/lib/avrxmega7\libm.a(fp_inf.o)
                0x00006794                __fp_inf
 .text.avr-libc.fplib
                0x000067a0        0x6 c:/program files (x86)/atmel/studio/7.0/toolchain/avr8/avr8-gnu-toolchain/bin/../lib/gcc/avr/5.4.0/../../../../avr/lib/avrxmega7\libm.a(fp_nan.o)
                0x000067a0                __fp_nan
 .text.avr-libc.fplib
                0x000067a6       0x4a c:/program files (x86)/atmel/studio/7.0/toolchain/avr8/avr8-gnu-toolchain/bin/../lib/gcc/avr/5.4.0/../../../../avr/lib/avrxmega7\libm.a(fp_powser.o)
                0x000067a6                __fp_powser
 .text.avr-libc.fplib
                0x000067f0       0x22 c:/program files (x86)/atmel/studio/7.0/toolchain/avr8/avr8-gnu-toolchain/bin/../lib/gcc/avr/5.4.0/../../../../avr/lib/avrxmega7\libm.a(fp_powsodd.o)
                0x000067f0                __fp_powsodd
 .text.avr-libc.fplib
                0x00006812        0xe c:/program files (x86)/atmel/studio/7.0/toolchain/avr8/avr8-gnu-toolchain/bin/../lib/gcc/avr/5.4.0/../../../../avr/lib/avrxmega7\libm.a(fp_pscA.o)
                0x00006812                __fp_pscA
 .text.avr-libc.fplib
                0x00006820        0xe c:/program files (x86)/atmel/studio/7.0/toolchain/avr8/avr8-gnu-toolchain/bin/../lib/gcc/avr/5.4.0/../../../../avr/lib/avrxmega7\libm.a(fp_pscB.o)
                0x00006820                __fp_pscB
 .text.avr-libc.fplib
                0x0000682e       0x22 c:/program files (x86)/atmel/studio/7.0/toolchain/avr8/avr8-gnu-toolchain/bin/../lib/gcc/avr/5.4.0/../../../../avr/lib/avrxmega7\libm.a(fp_round.o)
                0x0000682e                __fp_round
 .text.avr-libc.fplib
                0x00006850       0x44 c:/program files (x86)/atmel/studio/7.0/toolchain/avr8/avr8-gnu-toolchain/bin/../lib/gcc/avr/5.4.0/../../../../avr/lib/avrxmega7\libm.a(fp_split3.o)
                0x00006850                __fp_split3
                0x00006860                __fp_splitA
 .text.avr-libc.fplib
                0x00006894        0xe c:/program files (x86)/atmel/studio/7.0/toolchain/avr8/avr8-gnu-toolchain/bin/../lib/gcc/avr/5.4.0/../../../../avr/lib/avrxmega7\libm.a(fp_zero.o)
                0x00006894                __fp_zero
                0x00006896                __fp_szero
 .text.avr-libc.fplib
                0x000068a2        0x8 c:/program files (x86)/atmel/studio/7.0/toolchain/avr8/avr8-gnu-toolchain/bin/../lib/gcc/avr/5.4.0/../../../../avr/lib/avrxmega7\libm.a(gesf2.o)
                0x000068a2                __gesf2
                0x000068a2                __gtsf2
 .text.avr-libc.fplib
                0x000068aa        0xe c:/program files (x86)/atmel/studio/7.0/toolchain/avr8/avr8-gnu-toolchain/bin/../lib/gcc/avr/5.4.0/../../../../avr/lib/avrxmega7\libm.a(inverse.o)
                0x000068aa                inverse
 .text.avr-libc.fplib
                0x000068b8       0x8a c:/program files (x86)/atmel/studio/7.0/toolchain/avr8/avr8-gnu-toolchain/bin/../lib/gcc/avr/5.4.0/../../../../avr/lib/avrxmega7\libm.a(log.o)
                0x000068c2                log
 .text.avr-libc.fplib
                0x00006942        0x4 c:/program files (x86)/atmel/studio/7.0/toolchain/avr8/avr8-gnu-toolchain/bin/../lib/gcc/avr/5.4.0/../../../../avr/lib/avrxmega7\libm.a(mulsf3.o)
                0x00006942                __mulsf3
 .text.avr-libc.fplib
                0x00006946       0xc2 c:/program files (x86)/atmel/studio/7.0/toolchain/avr8/avr8-gnu-toolchain/bin/../lib/gcc/avr/5.4.0/../../../../avr/lib/avrxmega7\libm.a(mulsf3x.o)
                0x0000695a                __mulsf3x
                0x0000695e                __mulsf3_pse
 .text.avr-libc.fplib
                0x00006a08       0x98 c:/program files (x86)/atmel/studio/7.0/toolchain/avr8/avr8-gnu-toolchain/bin/../lib/gcc/avr/5.4.0/../../../../avr/lib/avrxmega7\libm.a(pow.o)
                0x00006a08                pow
 .text.avr-libc.fplib
                0x00006aa0       0x40 c:/program files (x86)/atmel/studio/7.0/toolchain/avr8/avr8-gnu-toolchain/bin/../lib/gcc/avr/5.4.0/../../../../avr/lib/avrxmega7\libm.a(round.o)
                0x00006aa0                round
 .text.avr-libc.fplib
                0x00006ae0       0x84 c:/program files (x86)/atmel/studio/7.0/toolchain/avr8/avr8-gnu-toolchain/bin/../lib/gcc/avr/5.4.0/../../../../avr/lib/avrxmega7\libm.a(sqrt.o)
                0x00006ae8                sqrtf
                0x00006ae8                sqrt
 .text.avr-libc.fplib
                0x00006b64        0x6 c:/program files (x86)/atmel/studio/7.0/toolchain/avr8/avr8-gnu-toolchain/bin/../lib/gcc/avr/5.4.0/../../../../avr/lib/avrxmega7\libm.a(square.o)
                0x00006b64                square
 .text.avr-libc.fplib
                0x00006b6a        0x8 c:/program files (x86)/atmel/studio/7.0/toolchain/avr8/avr8-gnu-toolchain/bin/../lib/gcc/avr/5.4.0/../../../../avr/lib/avrxmega7\libm.a(unordsf2.o)
                0x00006b6a                __unordsf2
 .text.avr-libc.fplib
                0x00006b72       0x62 c:/program files (x86)/atmel/studio/7.0/toolchain/avr8/avr8-gnu-toolchain/bin/../lib/gcc/avr/5.4.0/../../../../avr/lib/avrxmega7\libm.a(exp.o)
                0x00006b7c                exp
 .text.avr-libc.fplib
                0x00006bd4       0x36 c:/program files (x86)/atmel/studio/7.0/toolchain/avr8/avr8-gnu-toolchain/bin/../lib/gcc/avr/5.4.0/../../../../avr/lib/avrxmega7\libm.a(fp_mintl.o)
                0x00006bd4                __fp_mintl
 .text.avr-libc.fplib
                0x00006c0a       0x1c c:/program files (x86)/atmel/studio/7.0/toolchain/avr8/avr8-gnu-toolchain/bin/../lib/gcc/avr/5.4.0/../../../../avr/lib/avrxmega7\libm.a(fp_mpack.o)
                0x00006c0a                __fp_mpack
                0x00006c0e                __fp_mpack_finite
 .text.avr-libc.fplib
                0x00006c26        0xe c:/program files (x86)/atmel/studio/7.0/toolchain/avr8/avr8-gnu-toolchain/bin/../lib/gcc/avr/5.4.0/../../../../avr/lib/avrxmega7\libm.a(fp_norm2.o)
                0x00006c26                __fp_norm2
 .text.avr-libc.fplib
                0x00006c34       0x6c c:/program files (x86)/atmel/studio/7.0/toolchain/avr8/avr8-gnu-toolchain/bin/../lib/gcc/avr/5.4.0/../../../../avr/lib/avrxmega7\libm.a(ldexp.o)
                0x00006c38                ldexp
 .text.avr-libc.fplib
                0x00006ca0       0x66 c:/program files (x86)/atmel/studio/7.0/toolchain/avr8/avr8-gnu-toolchain/bin/../lib/gcc/avr/5.4.0/../../../../avr/lib/avrxmega7\libm.a(modf.o)
                0x00006ca0                modf
                0x00006ca0                modff
 .text.avr-libc
                0x00006d06      0x706 c:/program files (x86)/atmel/studio/7.0/toolchain/avr8/avr8-gnu-toolchain/bin/../lib/gcc/avr/5.4.0/../../../../avr/lib/avrxmega7\libprintf_flt.a(vfprintf_flt.o)
                0x00006d06                vfprintf
 .text.libgcc.div
                0x0000740c       0x28 c:/program files (x86)/atmel/studio/7.0/toolchain/avr8/avr8-gnu-toolchain/bin/../lib/gcc/avr/5.4.0/avrxmega7\libgcc.a(_udivmodhi4.o)
                0x0000740c                __udivmodhi4
 .text.libgcc.div
                0x00007434       0x26 c:/program files (x86)/atmel/studio/7.0/toolchain/avr8/avr8-gnu-toolchain/bin/../lib/gcc/avr/5.4.0/avrxmega7\libgcc.a(_divmodhi4.o)
                0x00007434                _div
                0x00007434                __divmodhi4
 .text.libgcc.div
                0x0000745a       0x44 c:/program files (x86)/atmel/studio/7.0/toolchain/avr8/avr8-gnu-toolchain/bin/../lib/gcc/avr/5.4.0/avrxmega7\libgcc.a(_udivmodsi4.o)
                0x0000745a                __udivmodsi4
 .text.libgcc   0x0000749e       0x12 c:/program files (x86)/atmel/studio/7.0/toolchain/avr8/avr8-gnu-toolchain/bin/../lib/gcc/avr/5.4.0/avrxmega7\libgcc.a(_tablejump2.o)
                0x0000749e                __tablejump2__
 .text.libgcc.mul
                0x000074b0       0x1e c:/program files (x86)/atmel/studio/7.0/toolchain/avr8/avr8-gnu-toolchain/bin/../lib/gcc/avr/5.4.0/avrxmega7\libgcc.a(_umulhisi3.o)
                0x000074b0                __umulhisi3
 .text.libgcc   0x000074ce       0x18 c:/program files (x86)/atmel/studio/7.0/toolchain/avr8/avr8-gnu-toolchain/bin/../lib/gcc/avr/5.4.0/avrxmega7\libgcc.a(_adddi3_s8.o)
                0x000074ce                __adddi3_s8
 .text.avr-libc
                0x000074e6      0x1b0 c:/program files (x86)/atmel/studio/7.0/toolchain/avr8/avr8-gnu-toolchain/bin/../lib/gcc/avr/5.4.0/../../../../avr/lib/avrxmega7\libc.a(ftoa_engine.o)
                0x000074e6                __ftoa_engine
 .text.avr-libc
                0x00007696       0x16 c:/program files (x86)/atmel/studio/7.0/toolchain/avr8/avr8-gnu-toolchain/bin/../lib/gcc/avr/5.4.0/../../../../avr/lib/avrxmega7\libc.a(strnlen_P.o)
                0x00007696                strnlen_P
 .text.avr-libc
                0x000076ac       0x16 c:/program files (x86)/atmel/studio/7.0/toolchain/avr8/avr8-gnu-toolchain/bin/../lib/gcc/avr/5.4.0/../../../../avr/lib/avrxmega7\libc.a(strnlen.o)
                0x000076ac                strnlen
 .text.avr-libc
                0x000076c2       0x78 c:/program files (x86)/atmel/studio/7.0/toolchain/avr8/avr8-gnu-toolchain/bin/../lib/gcc/avr/5.4.0/../../../../avr/lib/avrxmega7\libc.a(fputc.o)
                0x000076c2                fputc
 .text.avr-libc
                0x0000773a       0x44 c:/program files (x86)/atmel/studio/7.0/toolchain/avr8/avr8-gnu-toolchain/bin/../lib/gcc/avr/5.4.0/../../../../avr/lib/avrxmega7\libc.a(vsprintf.o)
                0x0000773a                vsprintf
 .text.avr-libc
                0x0000777e       0xbc c:/program files (x86)/atmel/studio/7.0/toolchain/avr8/avr8-gnu-toolchain/bin/../lib/gcc/avr/5.4.0/../../../../avr/lib/avrxmega7\libc.a(ultoa_invert.o)
                0x0000777e                __ultoa_invert
                0x0000783a                . = ALIGN (0x2)
 *(.fini9)
 .fini9         0x0000783a        0x0 c:/program files (x86)/atmel/studio/7.0/toolchain/avr8/avr8-gnu-toolchain/bin/../lib/gcc/avr/5.4.0/avrxmega7\libgcc.a(_exit.o)
                0x0000783a                _exit
                0x0000783a                exit
 *(.fini9)
 *(.fini8)
 *(.fini8)
 *(.fini7)
 *(.fini7)
 *(.fini6)
 *(.fini6)
 *(.fini5)
 *(.fini5)
 *(.fini4)
 *(.fini4)
 *(.fini3)
 *(.fini3)
 *(.fini2)
 *(.fini2)
 *(.fini1)
 *(.fini1)
 *(.fini0)
 .fini0         0x0000783a        0x4 c:/program files (x86)/atmel/studio/7.0/toolchain/avr8/avr8-gnu-toolchain/bin/../lib/gcc/avr/5.4.0/avrxmega7\libgcc.a(_exit.o)
 *(.fini0)
                0x0000783e                _etext = .

.data           0x00802000      0x1c2 load address 0x0000783e
                0x00802000                PROVIDE (__data_start, .)
 *(.data)
 *(.data*)
 .data.q0       0x00802000        0x4 src/drivers/MahonyAHRS.o
                0x00802000                q0
 .data.twoKp    0x00802004        0x4 src/drivers/MahonyAHRS.o
                0x00802004                twoKp
 .data.twi_conf.6585
                0x00802008        0x9 src/drivers/twi_comms.o
 .data.uconf.6576
                0x00802011        0x7 src/drivers/usart_comms.o
 *(.gnu.linkonce.d*)
 *(.rodata)
 *(.rodata*)
 .rodata.str1.1
                0x00802018       0x8e src/devices/gps.o
 .rodata.str1.1
                0x008020a6       0x14 src/devices/mpl3115a2.o
 .rodata.str1.1
                0x008020ba       0x32 src/devices/mpu9250.o
 .rodata.str1.1
                0x008020ec       0x13 src/devices/ntcle100.o
 .rodata.str1.1
                0x008020ff       0xc2 src/skywave.o
                                 0xc4 (size before relaxing)
 *(.gnu.linkonce.r*)
                0x008021c2                . = ALIGN (0x2)
 *fill*         0x008021c1        0x1 
                0x008021c2                _edata = .
                0x008021c2                PROVIDE (__data_end, .)

.bss            0x008021c2      0x7eb
                0x008021c2                PROVIDE (__bss_start, .)
 *(.bss)
 *(.bss*)
 .bss.tc_tcf1_ccb_callback
                0x008021c2        0x2 src/ASF/xmega/drivers/tc/tc.o
 .bss.tc_tcf1_cca_callback
                0x008021c4        0x2 src/ASF/xmega/drivers/tc/tc.o
 .bss.tc_tcf1_err_callback
                0x008021c6        0x2 src/ASF/xmega/drivers/tc/tc.o
 .bss.tc_tcf1_ovf_callback
                0x008021c8        0x2 src/ASF/xmega/drivers/tc/tc.o
 .bss.tc_tcf0_ccd_callback
                0x008021ca        0x2 src/ASF/xmega/drivers/tc/tc.o
 .bss.tc_tcf0_ccc_callback
                0x008021cc        0x2 src/ASF/xmega/drivers/tc/tc.o
 .bss.tc_tcf0_ccb_callback
                0x008021ce        0x2 src/ASF/xmega/drivers/tc/tc.o
 .bss.tc_tcf0_cca_callback
                0x008021d0        0x2 src/ASF/xmega/drivers/tc/tc.o
 .bss.tc_tcf0_err_callback
                0x008021d2        0x2 src/ASF/xmega/drivers/tc/tc.o
 .bss.tc_tcf0_ovf_callback
                0x008021d4        0x2 src/ASF/xmega/drivers/tc/tc.o
 .bss.tc_tce1_ccb_callback
                0x008021d6        0x2 src/ASF/xmega/drivers/tc/tc.o
 .bss.tc_tce1_cca_callback
                0x008021d8        0x2 src/ASF/xmega/drivers/tc/tc.o
 .bss.tc_tce1_err_callback
                0x008021da        0x2 src/ASF/xmega/drivers/tc/tc.o
 .bss.tc_tce1_ovf_callback
                0x008021dc        0x2 src/ASF/xmega/drivers/tc/tc.o
 .bss.tc_tce0_ccd_callback
                0x008021de        0x2 src/ASF/xmega/drivers/tc/tc.o
 .bss.tc_tce0_ccc_callback
                0x008021e0        0x2 src/ASF/xmega/drivers/tc/tc.o
 .bss.tc_tce0_ccb_callback
                0x008021e2        0x2 src/ASF/xmega/drivers/tc/tc.o
 .bss.tc_tce0_cca_callback
                0x008021e4        0x2 src/ASF/xmega/drivers/tc/tc.o
 .bss.tc_tce0_err_callback
                0x008021e6        0x2 src/ASF/xmega/drivers/tc/tc.o
 .bss.tc_tce0_ovf_callback
                0x008021e8        0x2 src/ASF/xmega/drivers/tc/tc.o
 .bss.tc_tcd1_ccb_callback
                0x008021ea        0x2 src/ASF/xmega/drivers/tc/tc.o
 .bss.tc_tcd1_cca_callback
                0x008021ec        0x2 src/ASF/xmega/drivers/tc/tc.o
 .bss.tc_tcd1_err_callback
                0x008021ee        0x2 src/ASF/xmega/drivers/tc/tc.o
 .bss.tc_tcd1_ovf_callback
                0x008021f0        0x2 src/ASF/xmega/drivers/tc/tc.o
 .bss.tc_tcd0_ccd_callback
                0x008021f2        0x2 src/ASF/xmega/drivers/tc/tc.o
 .bss.tc_tcd0_ccc_callback
                0x008021f4        0x2 src/ASF/xmega/drivers/tc/tc.o
 .bss.tc_tcd0_ccb_callback
                0x008021f6        0x2 src/ASF/xmega/drivers/tc/tc.o
 .bss.tc_tcd0_cca_callback
                0x008021f8        0x2 src/ASF/xmega/drivers/tc/tc.o
 .bss.tc_tcd0_err_callback
                0x008021fa        0x2 src/ASF/xmega/drivers/tc/tc.o
 .bss.tc_tcd0_ovf_callback
                0x008021fc        0x2 src/ASF/xmega/drivers/tc/tc.o
 .bss.tc_tcc1_ccb_callback
                0x008021fe        0x2 src/ASF/xmega/drivers/tc/tc.o
 .bss.tc_tcc1_cca_callback
                0x00802200        0x2 src/ASF/xmega/drivers/tc/tc.o
 .bss.tc_tcc1_err_callback
                0x00802202        0x2 src/ASF/xmega/drivers/tc/tc.o
 .bss.tc_tcc1_ovf_callback
                0x00802204        0x2 src/ASF/xmega/drivers/tc/tc.o
 .bss.tc_tcc0_ccd_callback
                0x00802206        0x2 src/ASF/xmega/drivers/tc/tc.o
 .bss.tc_tcc0_ccc_callback
                0x00802208        0x2 src/ASF/xmega/drivers/tc/tc.o
 .bss.tc_tcc0_ccb_callback
                0x0080220a        0x2 src/ASF/xmega/drivers/tc/tc.o
 .bss.tc_tcc0_err_callback
                0x0080220c        0x2 src/ASF/xmega/drivers/tc/tc.o
 .bss.tc_tcc0_ovf_callback
                0x0080220e        0x2 src/ASF/xmega/drivers/tc/tc.o
 .bss.transfer  0x00802210        0xb src/ASF/xmega/drivers/twi/twim.o
 .bss.ds3231_status
                0x0080221b        0x1 src/devices/ds3231.o
 .bss.rtc_buffer
                0x0080221c       0x20 src/devices/ds3231.o
 .bss.gps_data_buff
                0x0080223c       0x28 src/devices/gps.o
 .bss.bInitialAltitudeSet_MPL3
                0x00802264        0x1 src/devices/mpl3115a2.o
 .bss.b_mpl3fired
                0x00802265        0x1 src/devices/mpl3115a2.o
 .bss.mpl3_cb_alt_buff
                0x00802266       0x20 src/devices/mpl3115a2.o
 .bss.mpl3_cb_temp_buff
                0x00802286       0x20 src/devices/mpl3115a2.o
 .bss.mpl3_cb_alt
                0x008022a6        0x5 src/devices/mpl3115a2.o
 .bss.mpl3_cb_temp
                0x008022ab        0x5 src/devices/mpl3115a2.o
 .bss.groundAlt_Data
                0x008022b0        0xb src/devices/mpl3115a2.o
 .bss.mpl3_buffer
                0x008022bb       0x80 src/devices/mpl3115a2.o
 .bss.roll_buff
                0x0080233b       0x28 src/devices/mpu9250.o
 .bss.cb_roll   0x00802363        0x5 src/devices/mpu9250.o
 .bss.pitch_buff
                0x00802368       0x28 src/devices/mpu9250.o
 .bss.cb_pitch  0x00802390        0x5 src/devices/mpu9250.o
 .bss.yaw_buff  0x00802395       0x28 src/devices/mpu9250.o
 .bss.cb_yaw    0x008023bd        0x5 src/devices/mpu9250.o
 .bss.accel_buff_z
                0x008023c2       0x28 src/devices/mpu9250.o
 .bss.cb_accel_z
                0x008023ea        0x5 src/devices/mpu9250.o
 .bss.accel_buff_y
                0x008023ef       0x28 src/devices/mpu9250.o
 .bss.cb_accel_y
                0x00802417        0x5 src/devices/mpu9250.o
 .bss.accel_buff_x
                0x0080241c       0x28 src/devices/mpu9250.o
 .bss.cb_accel_x
                0x00802444        0x5 src/devices/mpu9250.o
 .bss.mpu_buffer
                0x00802449       0x40 src/devices/mpu9250.o
 .bss.b_mpu_data_ready
                0x00802489        0x1 src/devices/mpu9250.o
 .bss.ntcle100_data
                0x0080248a        0x6 src/devices/ntcle100.o
 .bss.integralFBz
                0x00802490        0x4 src/drivers/MahonyAHRS.o
                0x00802490                integralFBz
 .bss.integralFBy
                0x00802494        0x4 src/drivers/MahonyAHRS.o
                0x00802494                integralFBy
 .bss.integralFBx
                0x00802498        0x4 src/drivers/MahonyAHRS.o
                0x00802498                integralFBx
 .bss.q3        0x0080249c        0x4 src/drivers/MahonyAHRS.o
                0x0080249c                q3
 .bss.q2        0x008024a0        0x4 src/drivers/MahonyAHRS.o
                0x008024a0                q2
 .bss.q1        0x008024a4        0x4 src/drivers/MahonyAHRS.o
                0x008024a4                q1
 .bss.twoKi     0x008024a8        0x4 src/drivers/MahonyAHRS.o
                0x008024a8                twoKi
 .bss.timer_32hz_ready
                0x008024ac        0x1 src/drivers/skywave_util.o
 .bss.conf_32hz_timer
                0x008024ad        0x7 src/drivers/skywave_util.o
 .bss.buffer    0x008024b4       0x40 src/drivers/twi_comms.o
 .bss.univ_pkt  0x008024f4        0xb src/drivers/twi_comms.o
 .bss.missionData
                0x008024ff       0x31 src/skywave.o
 .bss.sw_state_manager
                0x00802530        0x1 src/skywave.o
 *(COMMON)
 COMMON         0x00802531        0x6 src/ASF/common/services/sleepmgr/xmega/sleepmgr.o
                0x00802531                sleepmgr_locks
 COMMON         0x00802537        0x4 src/ASF/xmega/drivers/adc/adc.o
                0x00802537                adcb_callback
                0x00802539                adca_callback
 COMMON         0x0080253b        0x5 src/devices/ds3231.o
                0x0080253b                flight_handler
                0x0080253d                swprintf
                0x0080253f                sensor_ready_status
 COMMON         0x00802540      0x412 src/devices/gps.o
                0x00802540                gps_circ_buff
                0x00802545                gps_buff
                0x00802945                gps_response_temp
                0x00802946                gps_uart_conf
                0x0080294d                char_circ_buff
 COMMON         0x00802952       0x4e src/devices/mpu9250.o
                0x00802952                mpu_processed_data
                0x00802976                rot
                0x00802982                mag_resolution
                0x00802986                gyro_resolution
                0x0080298a                accel_resolution
                0x0080298e                mpu_raw_data
 COMMON         0x008029a0        0x4 src/devices/ntcle100.o
                0x008029a0                temp_off
 COMMON         0x008029a4        0x8 src/drivers/skywave_util.o
                0x008029a4                milliseconds
 COMMON         0x008029ac        0x1 src/drivers/usart_comms.o
                0x008029ac                xbee_response_temp
                0x008029ad                PROVIDE (__bss_end, .)
                0x0000783e                __data_load_start = LOADADDR (.data)
                0x00007a00                __data_load_end = (__data_load_start + SIZEOF (.data))

.noinit         0x008029ad        0x0
                [!provide]                PROVIDE (__noinit_start, .)
 *(.noinit*)
                [!provide]                PROVIDE (__noinit_end, .)
                0x008029ad                _end = .
                [!provide]                PROVIDE (__heap_start, .)

.eeprom         0x00810000        0x0
 *(.eeprom*)
                0x00810000                __eeprom_end = .

.fuse
 *(.fuse)
 *(.lfuse)
 *(.hfuse)
 *(.efuse)

.lock
 *(.lock*)

.signature
 *(.signature*)

.user_signatures
 *(.user_signatures*)

.stab
 *(.stab)

.stabstr
 *(.stabstr)

.stab.excl
 *(.stab.excl)

.stab.exclstr
 *(.stab.exclstr)

.stab.index
 *(.stab.index)

.stab.indexstr
 *(.stab.indexstr)

.comment        0x00000000       0x5c
 *(.comment)
 .comment       0x00000000       0x30 src/ASF/common/services/clock/xmega/sysclk.o
                                 0x31 (size before relaxing)
 .comment       0x00000030       0x31 src/ASF/common/services/sleepmgr/xmega/sleepmgr.o
 .comment       0x00000030       0x31 src/ASF/xmega/drivers/adc/adc.o
 .comment       0x00000030       0x31 src/ASF/xmega/drivers/adc/xmega_aau/adc_aau.o
 .comment       0x00000030       0x31 src/ASF/xmega/drivers/tc/tc.o
 .comment       0x00000030       0x31 src/ASF/xmega/drivers/twi/twim.o
 .comment       0x00000030       0x31 src/ASF/xmega/drivers/usart/usart.o
 .comment       0x00000030       0x31 src/ASF/xmega/drivers/wdt/wdt.o
 .comment       0x00000030       0x31 src/ASF/xmega/services/pwm/pwm.o
 .comment       0x00000030       0x31 src/devices/ds3231.o
 .comment       0x00000030       0x31 src/devices/gps.o
 .comment       0x00000030       0x31 src/devices/mpl3115a2.o
 .comment       0x00000030       0x31 src/devices/mpu9250.o
 .comment       0x00000030       0x31 src/devices/ntcle100.o
 .comment       0x00000030       0x31 src/drivers/adc_util.o
 .comment       0x00000030       0x31 src/drivers/MahonyAHRS.o
 .comment       0x00000030       0x31 src/drivers/skywave_util.o
 .comment       0x00000030       0x31 src/drivers/twi_comms.o
 .comment       0x00000030       0x31 src/drivers/usart_comms.o
 .comment       0x00000030       0x31 src/ASF/common/services/ioport/xmega/ioport_compat.o
 .comment       0x00000030       0x31 src/ASF/xmega/boards/xmega_a1u_xplained_pro/board_init.o
 .comment       0x00000030       0x31 src/skywave.o
 .comment       0x00000030       0x2c c:/program files (x86)/atmel/studio/7.0/toolchain/avr8/avr8-gnu-toolchain/bin/../lib/gcc/avr/5.4.0/../../../../avr/lib/avrxmega7\libprintf_flt.a(vfprintf_flt.o)
                                 0x2d (size before relaxing)
 .comment       0x0000005c       0x31 c:/program files (x86)/atmel/studio/7.0/toolchain/avr8/avr8-gnu-toolchain/bin/../lib/gcc/avr/5.4.0/../../../../avr/lib/avrxmega7\libc.a(fputc.o)
 .comment       0x0000005c       0x31 c:/program files (x86)/atmel/studio/7.0/toolchain/avr8/avr8-gnu-toolchain/bin/../lib/gcc/avr/5.4.0/../../../../avr/lib/avrxmega7\libc.a(vsprintf.o)

.note.gnu.avr.deviceinfo
                0x00000000       0x40
 .note.gnu.avr.deviceinfo
                0x00000000       0x40 C:/Program Files (x86)/Atmel/Studio/7.0/Packs/atmel/XMEGAA_DFP/1.1.68/gcc/dev/atxmega128a1u/avrxmega7/crtatxmega128a1u.o

.note.gnu.build-id
 *(.note.gnu.build-id)

.debug
 *(.debug)

.line
 *(.line)

.debug_srcinfo
 *(.debug_srcinfo)

.debug_sfnames
 *(.debug_sfnames)

.debug_aranges  0x00000000      0x8b8
 *(.debug_aranges)
 .debug_aranges
                0x00000000       0x40 src/ASF/common/services/clock/xmega/sysclk.o
 .debug_aranges
                0x00000040       0x18 src/ASF/common/services/sleepmgr/xmega/sleepmgr.o
 .debug_aranges
                0x00000058       0x48 src/ASF/xmega/drivers/adc/adc.o
 .debug_aranges
                0x000000a0       0x78 src/ASF/xmega/drivers/adc/xmega_aau/adc_aau.o
 .debug_aranges
                0x00000118       0x20 src/ASF/xmega/drivers/cpu/ccp.o
 .debug_aranges
                0x00000138       0x28 src/ASF/xmega/drivers/nvm/nvm_asm.o
 .debug_aranges
                0x00000160      0x190 src/ASF/xmega/drivers/tc/tc.o
 .debug_aranges
                0x000002f0       0x50 src/ASF/xmega/drivers/twi/twim.o
 .debug_aranges
                0x00000340       0x58 src/ASF/xmega/drivers/usart/usart.o
 .debug_aranges
                0x00000398       0x50 src/ASF/xmega/drivers/wdt/wdt.o
 .debug_aranges
                0x000003e8       0x30 src/ASF/xmega/services/pwm/pwm.o
 .debug_aranges
                0x00000418       0x50 src/devices/ds3231.o
 .debug_aranges
                0x00000468       0x60 src/devices/gps.o
 .debug_aranges
                0x000004c8       0x78 src/devices/mpl3115a2.o
 .debug_aranges
                0x00000540       0xa0 src/devices/mpu9250.o
 .debug_aranges
                0x000005e0       0x70 src/devices/ntcle100.o
 .debug_aranges
                0x00000650       0x20 src/drivers/adc_util.o
 .debug_aranges
                0x00000670       0x28 src/drivers/MahonyAHRS.o
 .debug_aranges
                0x00000698       0xe8 src/drivers/skywave_util.o
 .debug_aranges
                0x00000780       0x38 src/drivers/twi_comms.o
 .debug_aranges
                0x000007b8       0x30 src/drivers/usart_comms.o
 .debug_aranges
                0x000007e8       0x20 src/ASF/common/services/ioport/xmega/ioport_compat.o
 .debug_aranges
                0x00000808       0x20 src/ASF/xmega/boards/xmega_a1u_xplained_pro/board_init.o
 .debug_aranges
                0x00000828       0x90 src/skywave.o

.debug_pubnames
 *(.debug_pubnames)

.debug_info     0x00000000    0x16ca4
 *(.debug_info .gnu.linkonce.wi.*)
 .debug_info    0x00000000     0x3e5a C:/Program Files (x86)/Atmel/Studio/7.0/Packs/atmel/XMEGAA_DFP/1.1.68/gcc/dev/atxmega128a1u/avrxmega7/crtatxmega128a1u.o
 .debug_info    0x00003e5a      0x846 src/ASF/common/services/clock/xmega/sysclk.o
 .debug_info    0x000046a0      0x129 src/ASF/common/services/sleepmgr/xmega/sleepmgr.o
 .debug_info    0x000047c9      0xa93 src/ASF/xmega/drivers/adc/adc.o
 .debug_info    0x0000525c      0xe9b src/ASF/xmega/drivers/adc/xmega_aau/adc_aau.o
 .debug_info    0x000060f7       0xc0 src/ASF/xmega/drivers/cpu/ccp.o
 .debug_info    0x000061b7       0xc0 src/ASF/xmega/drivers/nvm/nvm_asm.o
 .debug_info    0x00006277     0x1a1d src/ASF/xmega/drivers/tc/tc.o
 .debug_info    0x00007c94      0x953 src/ASF/xmega/drivers/twi/twim.o
 .debug_info    0x000085e7     0x3281 src/ASF/xmega/drivers/usart/usart.o
 .debug_info    0x0000b868      0x4e4 src/ASF/xmega/drivers/wdt/wdt.o
 .debug_info    0x0000bd4c     0x143f src/ASF/xmega/services/pwm/pwm.o
 .debug_info    0x0000d18b      0x77b src/devices/ds3231.o
 .debug_info    0x0000d906      0x866 src/devices/gps.o
 .debug_info    0x0000e16c      0xe39 src/devices/mpl3115a2.o
 .debug_info    0x0000efa5     0x136a src/devices/mpu9250.o
 .debug_info    0x0001030f      0xa7a src/devices/ntcle100.o
 .debug_info    0x00010d89      0x8df src/drivers/adc_util.o
 .debug_info    0x00011668      0x5f7 src/drivers/MahonyAHRS.o
 .debug_info    0x00011c5f     0x14df src/drivers/skywave_util.o
 .debug_info    0x0001313e      0x7d4 src/drivers/twi_comms.o
 .debug_info    0x00013912      0x5ff src/drivers/usart_comms.o
 .debug_info    0x00013f11      0x121 src/ASF/common/services/ioport/xmega/ioport_compat.o
 .debug_info    0x00014032      0x3db src/ASF/xmega/boards/xmega_a1u_xplained_pro/board_init.o
 .debug_info    0x0001440d     0x2897 src/skywave.o

.debug_abbrev   0x00000000     0x7237
 *(.debug_abbrev)
 .debug_abbrev  0x00000000     0x3b0e C:/Program Files (x86)/Atmel/Studio/7.0/Packs/atmel/XMEGAA_DFP/1.1.68/gcc/dev/atxmega128a1u/avrxmega7/crtatxmega128a1u.o
 .debug_abbrev  0x00003b0e      0x241 src/ASF/common/services/clock/xmega/sysclk.o
 .debug_abbrev  0x00003d4f       0x84 src/ASF/common/services/sleepmgr/xmega/sleepmgr.o
 .debug_abbrev  0x00003dd3      0x2d2 src/ASF/xmega/drivers/adc/adc.o
 .debug_abbrev  0x000040a5      0x320 src/ASF/xmega/drivers/adc/xmega_aau/adc_aau.o
 .debug_abbrev  0x000043c5       0x14 src/ASF/xmega/drivers/cpu/ccp.o
 .debug_abbrev  0x000043d9       0x12 src/ASF/xmega/drivers/nvm/nvm_asm.o
 .debug_abbrev  0x000043eb      0x29b src/ASF/xmega/drivers/tc/tc.o
 .debug_abbrev  0x00004686      0x2e9 src/ASF/xmega/drivers/twi/twim.o
 .debug_abbrev  0x0000496f      0x3f5 src/ASF/xmega/drivers/usart/usart.o
 .debug_abbrev  0x00004d64      0x16f src/ASF/xmega/drivers/wdt/wdt.o
 .debug_abbrev  0x00004ed3      0x2b2 src/ASF/xmega/services/pwm/pwm.o
 .debug_abbrev  0x00005185      0x23d src/devices/ds3231.o
 .debug_abbrev  0x000053c2      0x284 src/devices/gps.o
 .debug_abbrev  0x00005646      0x343 src/devices/mpl3115a2.o
 .debug_abbrev  0x00005989      0x3b2 src/devices/mpu9250.o
 .debug_abbrev  0x00005d3b      0x346 src/devices/ntcle100.o
 .debug_abbrev  0x00006081      0x27c src/drivers/adc_util.o
 .debug_abbrev  0x000062fd      0x13f src/drivers/MahonyAHRS.o
 .debug_abbrev  0x0000643c      0x455 src/drivers/skywave_util.o
 .debug_abbrev  0x00006891      0x264 src/drivers/twi_comms.o
 .debug_abbrev  0x00006af5      0x252 src/drivers/usart_comms.o
 .debug_abbrev  0x00006d47       0x95 src/ASF/common/services/ioport/xmega/ioport_compat.o
 .debug_abbrev  0x00006ddc      0x14a src/ASF/xmega/boards/xmega_a1u_xplained_pro/board_init.o
 .debug_abbrev  0x00006f26      0x311 src/skywave.o

.debug_line     0x00000000     0xd797
 *(.debug_line .debug_line.* .debug_line_end)
 .debug_line    0x00000000      0x3b5 C:/Program Files (x86)/Atmel/Studio/7.0/Packs/atmel/XMEGAA_DFP/1.1.68/gcc/dev/atxmega128a1u/avrxmega7/crtatxmega128a1u.o
 .debug_line    0x000003b5      0x6bf src/ASF/common/services/clock/xmega/sysclk.o
 .debug_line    0x00000a74      0x456 src/ASF/common/services/sleepmgr/xmega/sleepmgr.o
 .debug_line    0x00000eca      0x7da src/ASF/xmega/drivers/adc/adc.o
 .debug_line    0x000016a4      0x98a src/ASF/xmega/drivers/adc/xmega_aau/adc_aau.o
 .debug_line    0x0000202e       0x6e src/ASF/xmega/drivers/cpu/ccp.o
 .debug_line    0x0000209c      0x11f src/ASF/xmega/drivers/nvm/nvm_asm.o
 .debug_line    0x000021bb      0xf9e src/ASF/xmega/drivers/tc/tc.o
 .debug_line    0x00003159      0x653 src/ASF/xmega/drivers/twi/twim.o
 .debug_line    0x000037ac      0xdba src/ASF/xmega/drivers/usart/usart.o
 .debug_line    0x00004566      0x560 src/ASF/xmega/drivers/wdt/wdt.o
 .debug_line    0x00004ac6      0xb8a src/ASF/xmega/services/pwm/pwm.o
 .debug_line    0x00005650      0xaaf src/devices/ds3231.o
 .debug_line    0x000060ff      0xaaa src/devices/gps.o
 .debug_line    0x00006ba9      0xc55 src/devices/mpl3115a2.o
 .debug_line    0x000077fe      0xd7c src/devices/mpu9250.o
 .debug_line    0x0000857a      0xb46 src/devices/ntcle100.o
 .debug_line    0x000090c0      0x9ab src/drivers/adc_util.o
 .debug_line    0x00009a6b      0x3b4 src/drivers/MahonyAHRS.o
 .debug_line    0x00009e1f      0xf03 src/drivers/skywave_util.o
 .debug_line    0x0000ad22      0xa37 src/drivers/twi_comms.o
 .debug_line    0x0000b759      0x9cb src/drivers/usart_comms.o
 .debug_line    0x0000c124      0x4b3 src/ASF/common/services/ioport/xmega/ioport_compat.o
 .debug_line    0x0000c5d7      0x4ea src/ASF/xmega/boards/xmega_a1u_xplained_pro/board_init.o
 .debug_line    0x0000cac1      0xcd6 src/skywave.o

.debug_frame    0x00000000     0x268c
 *(.debug_frame)
 .debug_frame   0x00000000       0xa4 src/ASF/common/services/clock/xmega/sysclk.o
 .debug_frame   0x000000a4       0xbc src/ASF/xmega/drivers/adc/adc.o
 .debug_frame   0x00000160      0x3e4 src/ASF/xmega/drivers/adc/xmega_aau/adc_aau.o
 .debug_frame   0x00000544      0xe2c src/ASF/xmega/drivers/tc/tc.o
 .debug_frame   0x00001370      0x1c0 src/ASF/xmega/drivers/twi/twim.o
 .debug_frame   0x00001530      0x150 src/ASF/xmega/drivers/usart/usart.o
 .debug_frame   0x00001680       0x84 src/ASF/xmega/drivers/wdt/wdt.o
 .debug_frame   0x00001704       0x84 src/ASF/xmega/services/pwm/pwm.o
 .debug_frame   0x00001788       0xb0 src/devices/ds3231.o
 .debug_frame   0x00001838      0x154 src/devices/gps.o
 .debug_frame   0x0000198c      0x168 src/devices/mpl3115a2.o
 .debug_frame   0x00001af4      0x228 src/devices/mpu9250.o
 .debug_frame   0x00001d1c      0x1bc src/devices/ntcle100.o
 .debug_frame   0x00001ed8       0x38 src/drivers/adc_util.o
 .debug_frame   0x00001f10       0xec src/drivers/MahonyAHRS.o
 .debug_frame   0x00001ffc      0x328 src/drivers/skywave_util.o
 .debug_frame   0x00002324       0x64 src/drivers/twi_comms.o
 .debug_frame   0x00002388       0xb4 src/drivers/usart_comms.o
 .debug_frame   0x0000243c       0x30 src/ASF/common/services/ioport/xmega/ioport_compat.o
 .debug_frame   0x0000246c       0x24 src/ASF/xmega/boards/xmega_a1u_xplained_pro/board_init.o
 .debug_frame   0x00002490      0x1fc src/skywave.o

.debug_str      0x00000000    0x3750b
 *(.debug_str)
 .debug_str     0x00000000     0x2969 C:/Program Files (x86)/Atmel/Studio/7.0/Packs/atmel/XMEGAA_DFP/1.1.68/gcc/dev/atxmega128a1u/avrxmega7/crtatxmega128a1u.o
 .debug_str     0x00002969    0x2d8fb src/ASF/common/services/clock/xmega/sysclk.o
                              0x2e0ec (size before relaxing)
 .debug_str     0x00030264      0x3d4 src/ASF/common/services/sleepmgr/xmega/sleepmgr.o
                              0x2b444 (size before relaxing)
 .debug_str     0x00030638      0x9fb src/ASF/xmega/drivers/adc/adc.o
                              0x2eaff (size before relaxing)
 .debug_str     0x00031033      0x5ba src/ASF/xmega/drivers/adc/xmega_aau/adc_aau.o
                              0x2ed92 (size before relaxing)
 .debug_str     0x000315ed      0x9f3 src/ASF/xmega/drivers/tc/tc.o
                              0x2eb3e (size before relaxing)
 .debug_str     0x00031fe0      0x584 src/ASF/xmega/drivers/twi/twim.o
                              0x2b73d (size before relaxing)
 .debug_str     0x00032564     0x1112 src/ASF/xmega/drivers/usart/usart.o
                              0x2f52c (size before relaxing)
 .debug_str     0x00033676      0x4bc src/ASF/xmega/drivers/wdt/wdt.o
                              0x2b59f (size before relaxing)
 .debug_str     0x00033b32      0xd7a src/ASF/xmega/services/pwm/pwm.o
                              0x30199 (size before relaxing)
 .debug_str     0x000348ac     0x1278 src/devices/ds3231.o
                              0x30b2d (size before relaxing)
 .debug_str     0x00035b24      0x2d0 src/devices/gps.o
                              0x30c8c (size before relaxing)
 .debug_str     0x00035df4      0x784 src/devices/mpl3115a2.o
                              0x313fa (size before relaxing)
 .debug_str     0x00036578      0x401 src/devices/mpu9250.o
                              0x31558 (size before relaxing)
 .debug_str     0x00036979      0x1a4 src/devices/ntcle100.o
                              0x2fff3 (size before relaxing)
 .debug_str     0x00036b1d       0x28 src/drivers/adc_util.o
                              0x2ff21 (size before relaxing)
 .debug_str     0x00036b45      0x19d src/drivers/MahonyAHRS.o
                               0x3154 (size before relaxing)
 .debug_str     0x00036ce2      0x416 src/drivers/skywave_util.o
                              0x31638 (size before relaxing)
 .debug_str     0x000370f8       0xbe src/drivers/twi_comms.o
                              0x30b33 (size before relaxing)
 .debug_str     0x000371b6       0xcc src/drivers/usart_comms.o
                              0x2fbd3 (size before relaxing)
 .debug_str     0x00037282       0x77 src/ASF/common/services/ioport/xmega/ioport_compat.o
                              0x2b738 (size before relaxing)
 .debug_str     0x000372f9       0x5c src/ASF/xmega/boards/xmega_a1u_xplained_pro/board_init.o
                              0x2d9bb (size before relaxing)
 .debug_str     0x00037355      0x1b6 src/skywave.o
                              0x31cb1 (size before relaxing)

.debug_loc      0x00000000     0x905e
 *(.debug_loc)
 .debug_loc     0x00000000      0x301 src/ASF/common/services/clock/xmega/sysclk.o
 .debug_loc     0x00000301      0x2b3 src/ASF/xmega/drivers/adc/adc.o
 .debug_loc     0x000005b4      0xd3c src/ASF/xmega/drivers/adc/xmega_aau/adc_aau.o
 .debug_loc     0x000012f0     0x2057 src/ASF/xmega/drivers/tc/tc.o
 .debug_loc     0x00003347      0x64a src/ASF/xmega/drivers/twi/twim.o
 .debug_loc     0x00003991      0xe0d src/ASF/xmega/drivers/usart/usart.o
 .debug_loc     0x0000479e      0x16c src/ASF/xmega/drivers/wdt/wdt.o
 .debug_loc     0x0000490a      0x5dd src/ASF/xmega/services/pwm/pwm.o
 .debug_loc     0x00004ee7      0x2c4 src/devices/ds3231.o
 .debug_loc     0x000051ab      0x30f src/devices/gps.o
 .debug_loc     0x000054ba      0x59f src/devices/mpl3115a2.o
 .debug_loc     0x00005a59      0x650 src/devices/mpu9250.o
 .debug_loc     0x000060a9      0x777 src/devices/ntcle100.o
 .debug_loc     0x00006820       0x9f src/drivers/adc_util.o
 .debug_loc     0x000068bf      0xee8 src/drivers/MahonyAHRS.o
 .debug_loc     0x000077a7      0xf79 src/drivers/skywave_util.o
 .debug_loc     0x00008720      0x206 src/drivers/twi_comms.o
 .debug_loc     0x00008926      0x1a4 src/drivers/usart_comms.o
 .debug_loc     0x00008aca       0x66 src/ASF/common/services/ioport/xmega/ioport_compat.o
 .debug_loc     0x00008b30       0x54 src/ASF/xmega/boards/xmega_a1u_xplained_pro/board_init.o
 .debug_loc     0x00008b84      0x4da src/skywave.o

.debug_macinfo
 *(.debug_macinfo)

.debug_weaknames
 *(.debug_weaknames)

.debug_funcnames
 *(.debug_funcnames)

.debug_typenames
 *(.debug_typenames)

.debug_varnames
 *(.debug_varnames)

.debug_pubtypes
 *(.debug_pubtypes)

.debug_ranges   0x00000000      0x808
 *(.debug_ranges)
 .debug_ranges  0x00000000       0x30 src/ASF/common/services/clock/xmega/sysclk.o
 .debug_ranges  0x00000030       0x38 src/ASF/xmega/drivers/adc/adc.o
 .debug_ranges  0x00000068       0x68 src/ASF/xmega/drivers/adc/xmega_aau/adc_aau.o
 .debug_ranges  0x000000d0       0x20 src/ASF/xmega/drivers/nvm/nvm_asm.o
 .debug_ranges  0x000000f0      0x180 src/ASF/xmega/drivers/tc/tc.o
 .debug_ranges  0x00000270       0x70 src/ASF/xmega/drivers/twi/twim.o
 .debug_ranges  0x000002e0       0x80 src/ASF/xmega/drivers/usart/usart.o
 .debug_ranges  0x00000360       0x40 src/ASF/xmega/drivers/wdt/wdt.o
 .debug_ranges  0x000003a0       0x20 src/ASF/xmega/services/pwm/pwm.o
 .debug_ranges  0x000003c0       0x40 src/devices/ds3231.o
 .debug_ranges  0x00000400       0x50 src/devices/gps.o
 .debug_ranges  0x00000450       0x80 src/devices/mpl3115a2.o
 .debug_ranges  0x000004d0       0x90 src/devices/mpu9250.o
 .debug_ranges  0x00000560       0x60 src/devices/ntcle100.o
 .debug_ranges  0x000005c0       0x10 src/drivers/adc_util.o
 .debug_ranges  0x000005d0       0x18 src/drivers/MahonyAHRS.o
 .debug_ranges  0x000005e8      0x138 src/drivers/skywave_util.o
 .debug_ranges  0x00000720       0x28 src/drivers/twi_comms.o
 .debug_ranges  0x00000748       0x20 src/drivers/usart_comms.o
 .debug_ranges  0x00000768       0x10 src/ASF/common/services/ioport/xmega/ioport_compat.o
 .debug_ranges  0x00000778       0x10 src/ASF/xmega/boards/xmega_a1u_xplained_pro/board_init.o
 .debug_ranges  0x00000788       0x80 src/skywave.o

.debug_macro    0x00000000     0xef03
 *(.debug_macro)
 .debug_macro   0x00000000      0x1eb src/ASF/common/services/clock/xmega/sysclk.o
 .debug_macro   0x000001eb      0xa96 src/ASF/common/services/clock/xmega/sysclk.o
 .debug_macro   0x00000c81       0x10 src/ASF/common/services/clock/xmega/sysclk.o
 .debug_macro   0x00000c91      0x1c9 src/ASF/common/services/clock/xmega/sysclk.o
 .debug_macro   0x00000e5a      0x2fc src/ASF/common/services/clock/xmega/sysclk.o
 .debug_macro   0x00001156       0x9e src/ASF/common/services/clock/xmega/sysclk.o
 .debug_macro   0x000011f4     0x6dbc src/ASF/common/services/clock/xmega/sysclk.o
 .debug_macro   0x00007fb0       0x9a src/ASF/common/services/clock/xmega/sysclk.o
 .debug_macro   0x0000804a       0xf1 src/ASF/common/services/clock/xmega/sysclk.o
 .debug_macro   0x0000813b       0x34 src/ASF/common/services/clock/xmega/sysclk.o
 .debug_macro   0x0000816f       0x16 src/ASF/common/services/clock/xmega/sysclk.o
 .debug_macro   0x00008185       0x18 src/ASF/common/services/clock/xmega/sysclk.o
 .debug_macro   0x0000819d       0x5e src/ASF/common/services/clock/xmega/sysclk.o
 .debug_macro   0x000081fb       0x10 src/ASF/common/services/clock/xmega/sysclk.o
 .debug_macro   0x0000820b       0x22 src/ASF/common/services/clock/xmega/sysclk.o
 .debug_macro   0x0000822d      0x16d src/ASF/common/services/clock/xmega/sysclk.o
 .debug_macro   0x0000839a       0x1c src/ASF/common/services/clock/xmega/sysclk.o
 .debug_macro   0x000083b6       0x35 src/ASF/common/services/clock/xmega/sysclk.o
 .debug_macro   0x000083eb       0x66 src/ASF/common/services/clock/xmega/sysclk.o
 .debug_macro   0x00008451      0x64b src/ASF/common/services/clock/xmega/sysclk.o
 .debug_macro   0x00008a9c       0x97 src/ASF/common/services/clock/xmega/sysclk.o
 .debug_macro   0x00008b33       0x17 src/ASF/common/services/clock/xmega/sysclk.o
 .debug_macro   0x00008b4a      0x250 src/ASF/common/services/clock/xmega/sysclk.o
 .debug_macro   0x00008d9a       0x76 src/ASF/common/services/clock/xmega/sysclk.o
 .debug_macro   0x00008e10       0x16 src/ASF/common/services/clock/xmega/sysclk.o
 .debug_macro   0x00008e26      0x6e3 src/ASF/common/services/clock/xmega/sysclk.o
 .debug_macro   0x00009509       0x10 src/ASF/common/services/clock/xmega/sysclk.o
 .debug_macro   0x00009519      0x175 src/ASF/common/services/clock/xmega/sysclk.o
 .debug_macro   0x0000968e       0x40 src/ASF/common/services/clock/xmega/sysclk.o
 .debug_macro   0x000096ce       0x69 src/ASF/common/services/clock/xmega/sysclk.o
 .debug_macro   0x00009737       0x32 src/ASF/common/services/clock/xmega/sysclk.o
 .debug_macro   0x00009769       0xe4 src/ASF/common/services/clock/xmega/sysclk.o
 .debug_macro   0x0000984d       0x22 src/ASF/common/services/clock/xmega/sysclk.o
 .debug_macro   0x0000986f      0x2c6 src/ASF/common/services/clock/xmega/sysclk.o
 .debug_macro   0x00009b35      0x530 src/ASF/common/services/clock/xmega/sysclk.o
 .debug_macro   0x0000a065       0x7d src/ASF/common/services/clock/xmega/sysclk.o
 .debug_macro   0x0000a0e2       0x2f src/ASF/common/services/clock/xmega/sysclk.o
 .debug_macro   0x0000a111      0x154 src/ASF/common/services/clock/xmega/sysclk.o
 .debug_macro   0x0000a265       0x26 src/ASF/common/services/clock/xmega/sysclk.o
 .debug_macro   0x0000a28b      0x1a3 src/ASF/common/services/sleepmgr/xmega/sleepmgr.o
 .debug_macro   0x0000a42e       0x10 src/ASF/common/services/sleepmgr/xmega/sleepmgr.o
 .debug_macro   0x0000a43e       0x42 src/ASF/common/services/sleepmgr/xmega/sleepmgr.o
 .debug_macro   0x0000a480      0x23f src/ASF/xmega/drivers/adc/adc.o
 .debug_macro   0x0000a6bf       0x10 src/ASF/xmega/drivers/adc/adc.o
 .debug_macro   0x0000a6cf       0x20 src/ASF/xmega/drivers/adc/adc.o
 .debug_macro   0x0000a6ef       0xe3 src/ASF/xmega/drivers/adc/adc.o
 .debug_macro   0x0000a7d2      0x23f src/ASF/xmega/drivers/adc/xmega_aau/adc_aau.o
 .debug_macro   0x0000aa11      0x235 src/ASF/xmega/drivers/tc/tc.o
 .debug_macro   0x0000ac46      0x302 src/ASF/xmega/drivers/tc/tc.o
 .debug_macro   0x0000af48       0x12 src/ASF/xmega/drivers/tc/tc.o
 .debug_macro   0x0000af5a      0x198 src/ASF/xmega/drivers/twi/twim.o
 .debug_macro   0x0000b0f2       0x16 src/ASF/xmega/drivers/twi/twim.o
 .debug_macro   0x0000b108       0x22 src/ASF/xmega/drivers/twi/twim.o
 .debug_macro   0x0000b12a       0x10 src/ASF/xmega/drivers/twi/twim.o
 .debug_macro   0x0000b13a      0x233 src/ASF/xmega/drivers/usart/usart.o
 .debug_macro   0x0000b36d       0x9a src/ASF/xmega/drivers/usart/usart.o
 .debug_macro   0x0000b407      0x109 src/ASF/xmega/drivers/usart/usart.o
 .debug_macro   0x0000b510      0x180 src/ASF/xmega/drivers/wdt/wdt.o
 .debug_macro   0x0000b690       0x11 src/ASF/xmega/drivers/wdt/wdt.o
 .debug_macro   0x0000b6a1      0x35b src/ASF/xmega/services/pwm/pwm.o
 .debug_macro   0x0000b9fc       0x34 src/ASF/xmega/services/pwm/pwm.o
 .debug_macro   0x0000ba30       0x28 src/ASF/xmega/services/pwm/pwm.o
 .debug_macro   0x0000ba58       0x23 src/ASF/xmega/services/pwm/pwm.o
 .debug_macro   0x0000ba7b       0x58 src/ASF/xmega/services/pwm/pwm.o
 .debug_macro   0x0000bad3       0x10 src/ASF/xmega/services/pwm/pwm.o
 .debug_macro   0x0000bae3       0xf2 src/ASF/xmega/services/pwm/pwm.o
 .debug_macro   0x0000bbd5       0x3a src/ASF/xmega/services/pwm/pwm.o
 .debug_macro   0x0000bc0f       0x28 src/ASF/xmega/services/pwm/pwm.o
 .debug_macro   0x0000bc37      0x388 src/devices/ds3231.o
 .debug_macro   0x0000bfbf       0x4c src/devices/ds3231.o
 .debug_macro   0x0000c00b      0x4ac src/devices/ds3231.o
 .debug_macro   0x0000c4b7       0x10 src/devices/ds3231.o
 .debug_macro   0x0000c4c7      0x3a5 src/devices/gps.o
 .debug_macro   0x0000c86c       0x16 src/devices/gps.o
 .debug_macro   0x0000c882       0x1c src/devices/gps.o
 .debug_macro   0x0000c89e      0x3a8 src/devices/mpl3115a2.o
 .debug_macro   0x0000cc46      0x160 src/devices/mpl3115a2.o
 .debug_macro   0x0000cda6      0x3d3 src/devices/mpu9250.o
 .debug_macro   0x0000d179       0x10 src/devices/mpu9250.o
 .debug_macro   0x0000d189      0x391 src/devices/ntcle100.o
 .debug_macro   0x0000d51a      0x36e src/drivers/adc_util.o
 .debug_macro   0x0000d888       0x35 src/drivers/MahonyAHRS.o
 .debug_macro   0x0000d8bd      0x166 src/drivers/MahonyAHRS.o
 .debug_macro   0x0000da23      0x3d2 src/drivers/skywave_util.o
 .debug_macro   0x0000ddf5      0x380 src/drivers/twi_comms.o
 .debug_macro   0x0000e175      0x36e src/drivers/usart_comms.o
 .debug_macro   0x0000e4e3      0x195 src/ASF/common/services/ioport/xmega/ioport_compat.o
 .debug_macro   0x0000e678      0x1be src/ASF/xmega/boards/xmega_a1u_xplained_pro/board_init.o
 .debug_macro   0x0000e836      0x2c0 src/ASF/xmega/boards/xmega_a1u_xplained_pro/board_init.o
 .debug_macro   0x0000eaf6      0x40d src/skywave.o
OUTPUT(skywave_atxmega128a1_final.elf elf32-avr)
LOAD linker stubs

.BOOT           0x00020000        0x0
